Archive member included to satisfy reference by file (symbol)

c:/st/stm32cubeide_1.10.1/stm32cubeide/plugins/com.st.stm32cube.ide.mcu.externaltools.gnu-tools-for-stm32.10.3-2021.10.win32_1.0.0.202111181127/tools/bin/../lib/gcc/arm-none-eabi/10.3.1/../../../../arm-none-eabi/lib/thumb/v7e-m+dp/hard\libc_nano.a(lib_a-errno.o)
                              ./Core/Src/syscalls.o (__errno)
c:/st/stm32cubeide_1.10.1/stm32cubeide/plugins/com.st.stm32cube.ide.mcu.externaltools.gnu-tools-for-stm32.10.3-2021.10.win32_1.0.0.202111181127/tools/bin/../lib/gcc/arm-none-eabi/10.3.1/../../../../arm-none-eabi/lib/thumb/v7e-m+dp/hard\libc_nano.a(lib_a-exit.o)
                              c:/st/stm32cubeide_1.10.1/stm32cubeide/plugins/com.st.stm32cube.ide.mcu.externaltools.gnu-tools-for-stm32.10.3-2021.10.win32_1.0.0.202111181127/tools/bin/../lib/gcc/arm-none-eabi/10.3.1/../../../../arm-none-eabi/lib/thumb/v7e-m+dp/hard/crt0.o (exit)
c:/st/stm32cubeide_1.10.1/stm32cubeide/plugins/com.st.stm32cube.ide.mcu.externaltools.gnu-tools-for-stm32.10.3-2021.10.win32_1.0.0.202111181127/tools/bin/../lib/gcc/arm-none-eabi/10.3.1/../../../../arm-none-eabi/lib/thumb/v7e-m+dp/hard\libc_nano.a(lib_a-impure.o)
                              c:/st/stm32cubeide_1.10.1/stm32cubeide/plugins/com.st.stm32cube.ide.mcu.externaltools.gnu-tools-for-stm32.10.3-2021.10.win32_1.0.0.202111181127/tools/bin/../lib/gcc/arm-none-eabi/10.3.1/../../../../arm-none-eabi/lib/thumb/v7e-m+dp/hard\libc_nano.a(lib_a-exit.o) (_global_impure_ptr)
c:/st/stm32cubeide_1.10.1/stm32cubeide/plugins/com.st.stm32cube.ide.mcu.externaltools.gnu-tools-for-stm32.10.3-2021.10.win32_1.0.0.202111181127/tools/bin/../lib/gcc/arm-none-eabi/10.3.1/../../../../arm-none-eabi/lib/thumb/v7e-m+dp/hard\libc_nano.a(lib_a-init.o)
                              c:/st/stm32cubeide_1.10.1/stm32cubeide/plugins/com.st.stm32cube.ide.mcu.externaltools.gnu-tools-for-stm32.10.3-2021.10.win32_1.0.0.202111181127/tools/bin/../lib/gcc/arm-none-eabi/10.3.1/../../../../arm-none-eabi/lib/thumb/v7e-m+dp/hard/crt0.o (__libc_init_array)
c:/st/stm32cubeide_1.10.1/stm32cubeide/plugins/com.st.stm32cube.ide.mcu.externaltools.gnu-tools-for-stm32.10.3-2021.10.win32_1.0.0.202111181127/tools/bin/../lib/gcc/arm-none-eabi/10.3.1/../../../../arm-none-eabi/lib/thumb/v7e-m+dp/hard\libc_nano.a(lib_a-memset.o)
                              c:/st/stm32cubeide_1.10.1/stm32cubeide/plugins/com.st.stm32cube.ide.mcu.externaltools.gnu-tools-for-stm32.10.3-2021.10.win32_1.0.0.202111181127/tools/bin/../lib/gcc/arm-none-eabi/10.3.1/../../../../arm-none-eabi/lib/thumb/v7e-m+dp/hard/crt0.o (memset)
c:/st/stm32cubeide_1.10.1/stm32cubeide/plugins/com.st.stm32cube.ide.mcu.externaltools.gnu-tools-for-stm32.10.3-2021.10.win32_1.0.0.202111181127/tools/bin/../lib/gcc/arm-none-eabi/10.3.1/../../../../arm-none-eabi/lib/thumb/v7e-m+dp/hard\libc_nano.a(lib_a-nano-vfprintf_float.o)
                              (_printf_float)
c:/st/stm32cubeide_1.10.1/stm32cubeide/plugins/com.st.stm32cube.ide.mcu.externaltools.gnu-tools-for-stm32.10.3-2021.10.win32_1.0.0.202111181127/tools/bin/../lib/gcc/arm-none-eabi/10.3.1/../../../../arm-none-eabi/lib/thumb/v7e-m+dp/hard\libc_nano.a(lib_a-nano-vfprintf_i.o)
                              c:/st/stm32cubeide_1.10.1/stm32cubeide/plugins/com.st.stm32cube.ide.mcu.externaltools.gnu-tools-for-stm32.10.3-2021.10.win32_1.0.0.202111181127/tools/bin/../lib/gcc/arm-none-eabi/10.3.1/../../../../arm-none-eabi/lib/thumb/v7e-m+dp/hard\libc_nano.a(lib_a-nano-vfprintf_float.o) (_printf_common)
c:/st/stm32cubeide_1.10.1/stm32cubeide/plugins/com.st.stm32cube.ide.mcu.externaltools.gnu-tools-for-stm32.10.3-2021.10.win32_1.0.0.202111181127/tools/bin/../lib/gcc/arm-none-eabi/10.3.1/../../../../arm-none-eabi/lib/thumb/v7e-m+dp/hard\libc_nano.a(lib_a-nano-vfscanf_float.o)
                              (_scanf_float)
c:/st/stm32cubeide_1.10.1/stm32cubeide/plugins/com.st.stm32cube.ide.mcu.externaltools.gnu-tools-for-stm32.10.3-2021.10.win32_1.0.0.202111181127/tools/bin/../lib/gcc/arm-none-eabi/10.3.1/../../../../arm-none-eabi/lib/thumb/v7e-m+dp/hard\libc_nano.a(lib_a-printf.o)
                              ./Core/Src/main.o (printf)
c:/st/stm32cubeide_1.10.1/stm32cubeide/plugins/com.st.stm32cube.ide.mcu.externaltools.gnu-tools-for-stm32.10.3-2021.10.win32_1.0.0.202111181127/tools/bin/../lib/gcc/arm-none-eabi/10.3.1/../../../../arm-none-eabi/lib/thumb/v7e-m+dp/hard\libc_nano.a(lib_a-sf_nan.o)
                              c:/st/stm32cubeide_1.10.1/stm32cubeide/plugins/com.st.stm32cube.ide.mcu.externaltools.gnu-tools-for-stm32.10.3-2021.10.win32_1.0.0.202111181127/tools/bin/../lib/gcc/arm-none-eabi/10.3.1/../../../../arm-none-eabi/lib/thumb/v7e-m+dp/hard\libc_nano.a(lib_a-nano-vfscanf_float.o) (nanf)
[...]
Memory Configuration

Name             Origin             Length             Attributes
ITCMRAM          0x0000000000000000 0x0000000000010000 xrw
FLASH            0x0000000008000000 0x0000000000200000 xr
DTCMRAM1         0x0000000020000000 0x0000000000010000 xrw
DTCMRAM2         0x0000000020010000 0x0000000000010000 xrw
RAM              0x0000000024000000 0x0000000000100000 xrw
RAM_CD           0x0000000030000000 0x0000000000020000 xrw
RAM_SRD          0x0000000038000000 0x0000000000008000 xrw
*default*        0x0000000000000000 0xffffffffffffffff

Linker script and memory map

LOAD c:/st/stm32cubeide_1.10.1/stm32cubeide/plugins/com.st.stm32cube.ide.mcu.externaltools.gnu-tools-for-stm32.10.3-2021.10.win32_1.0.0.202111181127/tools/bin/../lib/gcc/arm-none-eabi/10.3.1/thumb/v7e-m+dp/hard/crti.o
LOAD c:/st/stm32cubeide_1.10.1/stm32cubeide/plugins/com.st.stm32cube.ide.mcu.externaltools.gnu-tools-for-stm32.10.3-2021.10.win32_1.0.0.202111181127/tools/bin/../lib/gcc/arm-none-eabi/10.3.1/thumb/v7e-m+dp/hard/crtbegin.o
LOAD c:/st/stm32cubeide_1.10.1/stm32cubeide/plugins/com.st.stm32cube.ide.mcu.externaltools.gnu-tools-for-stm32.10.3-2021.10.win32_1.0.0.202111181127/tools/bin/../lib/gcc/arm-none-eabi/10.3.1/../../../../arm-none-eabi/lib/thumb/v7e-m+dp/hard/crt0.o
LOAD ./Core/Src/PID.o
LOAD ./Core/Src/main.o
LOAD ./Core/Src/stm32h7xx_hal_msp.o
LOAD ./Core/Src/stm32h7xx_it.o
LOAD ./Core/Src/syscalls.o
LOAD ./Core/Src/sysmem.o
LOAD ./Core/Src/system_stm32h7xx.o
LOAD ./Core/Startup/startup_stm32h7a3zitxq.o
LOAD ./Drivers/STM32H7xx_HAL_Driver/Src/stm32h7xx_hal.o
LOAD ./Drivers/STM32H7xx_HAL_Driver/Src/stm32h7xx_hal_cortex.o
LOAD ./Drivers/STM32H7xx_HAL_Driver/Src/stm32h7xx_hal_dma.o
LOAD ./Drivers/STM32H7xx_HAL_Driver/Src/stm32h7xx_hal_dma_ex.o
LOAD ./Drivers/STM32H7xx_HAL_Driver/Src/stm32h7xx_hal_exti.o
LOAD ./Drivers/STM32H7xx_HAL_Driver/Src/stm32h7xx_hal_flash.o
LOAD ./Drivers/STM32H7xx_HAL_Driver/Src/stm32h7xx_hal_flash_ex.o
LOAD ./Drivers/STM32H7xx_HAL_Driver/Src/stm32h7xx_hal_gpio.o
LOAD ./Drivers/STM32H7xx_HAL_Driver/Src/stm32h7xx_hal_hsem.o
LOAD ./Drivers/STM32H7xx_HAL_Driver/Src/stm32h7xx_hal_i2c.o
LOAD ./Drivers/STM32H7xx_HAL_Driver/Src/stm32h7xx_hal_i2c_ex.o
LOAD ./Drivers/STM32H7xx_HAL_Driver/Src/stm32h7xx_hal_mdma.o
LOAD ./Drivers/STM32H7xx_HAL_Driver/Src/stm32h7xx_hal_pwr.o
LOAD ./Drivers/STM32H7xx_HAL_Driver/Src/stm32h7xx_hal_pwr_ex.o
LOAD ./Drivers/STM32H7xx_HAL_Driver/Src/stm32h7xx_hal_rcc.o
LOAD ./Drivers/STM32H7xx_HAL_Driver/Src/stm32h7xx_hal_rcc_ex.o
LOAD ./Drivers/STM32H7xx_HAL_Driver/Src/stm32h7xx_hal_tim.o
LOAD ./Drivers/STM32H7xx_HAL_Driver/Src/stm32h7xx_hal_tim_ex.o
LOAD ./Drivers/STM32H7xx_HAL_Driver/Src/stm32h7xx_hal_uart.o
LOAD ./Drivers/STM32H7xx_HAL_Driver/Src/stm32h7xx_hal_uart_ex.o
START GROUP
LOAD c:/st/stm32cubeide_1.10.1/stm32cubeide/plugins/com.st.stm32cube.ide.mcu.externaltools.gnu-tools-for-stm32.10.3-2021.10.win32_1.0.0.202111181127/tools/bin/../lib/gcc/arm-none-eabi/10.3.1/../../../../arm-none-eabi/lib/thumb/v7e-m+dp/hard\libc_nano.a
LOAD c:/st/stm32cubeide_1.10.1/stm32cubeide/plugins/com.st.stm32cube.ide.mcu.externaltools.gnu-tools-for-stm32.10.3-2021.10.win32_1.0.0.202111181127/tools/bin/../lib/gcc/arm-none-eabi/10.3.1/../../../../arm-none-eabi/lib/thumb/v7e-m+dp/hard\libm.a
END GROUP
START GROUP
LOAD c:/st/stm32cubeide_1.10.1/stm32cubeide/plugins/com.st.stm32cube.ide.mcu.externaltools.gnu-tools-for-stm32.10.3-2021.10.win32_1.0.0.202111181127/tools/bin/../lib/gcc/arm-none-eabi/10.3.1/thumb/v7e-m+dp/hard\libgcc.a
LOAD c:/st/stm32cubeide_1.10.1/stm32cubeide/plugins/com.st.stm32cube.ide.mcu.externaltools.gnu-tools-for-stm32.10.3-2021.10.win32_1.0.0.202111181127/tools/bin/../lib/gcc/arm-none-eabi/10.3.1/../../../../arm-none-eabi/lib/thumb/v7e-m+dp/hard\libc_nano.a
END GROUP
START GROUP
LOAD c:/st/stm32cubeide_1.10.1/stm32cubeide/plugins/com.st.stm32cube.ide.mcu.externaltools.gnu-tools-for-stm32.10.3-2021.10.win32_1.0.0.202111181127/tools/bin/../lib/gcc/arm-none-eabi/10.3.1/thumb/v7e-m+dp/hard\libgcc.a
LOAD c:/st/stm32cubeide_1.10.1/stm32cubeide/plugins/com.st.stm32cube.ide.mcu.externaltools.gnu-tools-for-stm32.10.3-2021.10.win32_1.0.0.202111181127/tools/bin/../lib/gcc/arm-none-eabi/10.3.1/../../../../arm-none-eabi/lib/thumb/v7e-m+dp/hard\libc_nano.a
LOAD c:/st/stm32cubeide_1.10.1/stm32cubeide/plugins/com.st.stm32cube.ide.mcu.externaltools.gnu-tools-for-stm32.10.3-2021.10.win32_1.0.0.202111181127/tools/bin/../lib/gcc/arm-none-eabi/10.3.1/../../../../arm-none-eabi/lib/thumb/v7e-m+dp/hard\libnosys.a
END GROUP
START GROUP
LOAD c:/st/stm32cubeide_1.10.1/stm32cubeide/plugins/com.st.stm32cube.ide.mcu.externaltools.gnu-tools-for-stm32.10.3-2021.10.win32_1.0.0.202111181127/tools/bin/../lib/gcc/arm-none-eabi/10.3.1/thumb/v7e-m+dp/hard\libgcc.a
LOAD c:/st/stm32cubeide_1.10.1/stm32cubeide/plugins/com.st.stm32cube.ide.mcu.externaltools.gnu-tools-for-stm32.10.3-2021.10.win32_1.0.0.202111181127/tools/bin/../lib/gcc/arm-none-eabi/10.3.1/../../../../arm-none-eabi/lib/thumb/v7e-m+dp/hard\libc_nano.a
LOAD c:/st/stm32cubeide_1.10.1/stm32cubeide/plugins/com.st.stm32cube.ide.mcu.externaltools.gnu-tools-for-stm32.10.3-2021.10.win32_1.0.0.202111181127/tools/bin/../lib/gcc/arm-none-eabi/10.3.1/../../../../arm-none-eabi/lib/thumb/v7e-m+dp/hard\libnosys.a
END GROUP
LOAD c:/st/stm32cubeide_1.10.1/stm32cubeide/plugins/com.st.stm32cube.ide.mcu.externaltools.gnu-tools-for-stm32.10.3-2021.10.win32_1.0.0.202111181127/tools/bin/../lib/gcc/arm-none-eabi/10.3.1/thumb/v7e-m+dp/hard/crtend.o
LOAD c:/st/stm32cubeide_1.10.1/stm32cubeide/plugins/com.st.stm32cube.ide.mcu.externaltools.gnu-tools-for-stm32.10.3-2021.10.win32_1.0.0.202111181127/tools/bin/../lib/gcc/arm-none-eabi/10.3.1/thumb/v7e-m+dp/hard/crtn.o
                0x0000000024100000                _estack = (ORIGIN (RAM) + LENGTH (RAM))
                0x0000000000000200                _Min_Heap_Size = 0x200
                0x0000000000000400                _Min_Stack_Size = 0x400

.isr_vector     0x0000000008000000      0x2ac
                0x0000000008000000                . = ALIGN (0x4)
 *(.isr_vector)
 .isr_vector    0x0000000008000000      0x2ac ./Core/Startup/startup_stm32h7a3zitxq.o
                0x0000000008000000                g_pfnVectors
                0x00000000080002ac                . = ALIGN (0x4)

.text           0x00000000080002b0     0xc700
                0x00000000080002b0                . = ALIGN (0x4)
 *(.text)
 .text          0x00000000080002b0       0x40 c:/st/stm32cubeide_1.10.1/stm32cubeide/plugins/com.st.stm32cube.ide.mcu.externaltools.gnu-tools-for-stm32.10.3-2021.10.win32_1.0.0.202111181127/tools/bin/../lib/gcc/arm-none-eabi/10.3.1/thumb/v7e-m+dp/hard/crtbegin.o
 .text          0x00000000080002f0       0x10 c:/st/stm32cubeide_1.10.1/stm32cubeide/plugins/com.st.stm32cube.ide.mcu.externaltools.gnu-tools-for-stm32.10.3-2021.10.win32_1.0.0.202111181127/tools/bin/../lib/gcc/arm-none-eabi/10.3.1/../../../../arm-none-eabi/lib/thumb/v7e-m+dp/hard\libc_nano.a(lib_a-strlen.o)
                0x00000000080002f0                strlen
 .text          0x0000000008000300       0xa0 c:/st/stm32cubeide_1.10.1/stm32cubeide/plugins/com.st.stm32cube.ide.mcu.externaltools.gnu-tools-for-stm32.10.3-2021.10.win32_1.0.0.202111181127/tools/bin/../lib/gcc/arm-none-eabi/10.3.1/../../../../arm-none-eabi/lib/thumb/v7e-m+dp/hard\libc_nano.a(lib_a-memchr.o)
                0x0000000008000300                memchr
 .text          0x00000000080003a0      0x378 c:/st/stm32cubeide_1.10.1/stm32cubeide/plugins/com.st.stm32cube.ide.mcu.externaltools.gnu-tools-for-stm32.10.3-2021.10.win32_1.0.0.202111181127/tools/bin/../lib/gcc/arm-none-eabi/10.3.1/thumb/v7e-m+dp/hard\libgcc.a(_arm_addsubdf3.o)
                0x00000000080003a0                __aeabi_drsub
                0x00000000080003a8                __aeabi_dsub
                0x00000000080003a8                __subdf3
                0x00000000080003ac                __aeabi_dadd
                0x00000000080003ac                __adddf3
                0x0000000008000624                __floatunsidf
                0x0000000008000624                __aeabi_ui2d
                0x0000000008000644                __floatsidf
                0x0000000008000644                __aeabi_i2d
                0x0000000008000668                __aeabi_f2d
                0x0000000008000668                __extendsfdf2
                0x00000000080006ac                __floatundidf
                0x00000000080006ac                __aeabi_ul2d
                0x00000000080006bc                __floatdidf
                0x00000000080006bc                __aeabi_l2d
 .text          0x0000000008000718       0x30 c:/st/stm32cubeide_1.10.1/stm32cubeide/plugins/com.st.stm32cube.ide.mcu.externaltools.gnu-tools-for-stm32.10.3-2021.10.win32_1.0.0.202111181127/tools/bin/../lib/gcc/arm-none-eabi/10.3.1/thumb/v7e-m+dp/hard\libgcc.a(_aeabi_uldivmod.o)
                0x0000000008000718                __aeabi_uldivmod
 .text          0x0000000008000748       0x30 c:/st/stm32cubeide_1.10.1/stm32cubeide/plugins/com.st.stm32cube.ide.mcu.externaltools.gnu-tools-for-stm32.10.3-2021.10.win32_1.0.0.202111181127/tools/bin/../lib/gcc/arm-none-eabi/10.3.1/thumb/v7e-m+dp/hard\libgcc.a(_fixdfdi.o)
                0x0000000008000748                __fixdfdi
                0x0000000008000748                __aeabi_d2lz
 .text          0x0000000008000778       0x40 c:/st/stm32cubeide_1.10.1/stm32cubeide/plugins/com.st.stm32cube.ide.mcu.externaltools.gnu-tools-for-stm32.10.3-2021.10.win32_1.0.0.202111181127/tools/bin/../lib/gcc/arm-none-eabi/10.3.1/thumb/v7e-m+dp/hard\libgcc.a(_fixunsdfdi.o)
                0x0000000008000778                __fixunsdfdi
                0x0000000008000778                __aeabi_d2ulz
 .text          0x00000000080007b8      0x2d0 c:/st/stm32cubeide_1.10.1/stm32cubeide/plugins/com.st.stm32cube.ide.mcu.externaltools.gnu-tools-for-stm32.10.3-2021.10.win32_1.0.0.202111181127/tools/bin/../lib/gcc/arm-none-eabi/10.3.1/thumb/v7e-m+dp/hard\libgcc.a(_udivmoddi4.o)
                0x00000000080007b8                __udivmoddi4
 .text          0x0000000008000a88        0x4 c:/st/stm32cubeide_1.10.1/stm32cubeide/plugins/com.st.stm32cube.ide.mcu.externaltools.gnu-tools-for-stm32.10.3-2021.10.win32_1.0.0.202111181127/tools/bin/../lib/gcc/arm-none-eabi/10.3.1/thumb/v7e-m+dp/hard\libgcc.a(_dvmd_tls.o)
                0x0000000008000a88                __aeabi_idiv0
                0x0000000008000a88                __aeabi_ldiv0
 *(.text*)
 .text.init_PID
                0x0000000008000a8c       0x32 ./Core/Src/PID.o
                0x0000000008000a8c                init_PID
 .text.tune_PID
                0x0000000008000abe       0x32 ./Core/Src/PID.o
                0x0000000008000abe                tune_PID
 .text.PID_controller
                0x0000000008000af0       0xf8 ./Core/Src/PID.o
                0x0000000008000af0                PID_controller
 .text.main     0x0000000008000be8      0x1cc ./Core/Src/main.o
                0x0000000008000be8                main
 .text.SystemClock_Config
                0x0000000008000db4       0xec ./Core/Src/main.o
                0x0000000008000db4                SystemClock_Config
 .text.MX_TIM1_Init
                0x0000000008000ea0       0xa8 ./Core/Src/main.o
 .text.MX_TIM2_Init
                0x0000000008000f48       0xa8 ./Core/Src/main.o
 .text.MX_TIM3_Init
                0x0000000008000ff0       0x9c ./Core/Src/main.o
 .text.MX_TIM4_Init
                0x000000000800108c       0xac ./Core/Src/main.o
 .text.MX_TIM13_Init
                0x0000000008001138       0x9c ./Core/Src/main.o
 .text.MX_USART2_UART_Init
                0x00000000080011d4       0x98 ./Core/Src/main.o
 .text.MX_USART3_UART_Init
                0x000000000800126c       0x98 ./Core/Src/main.o
 .text.MX_USB_OTG_HS_USB_Init
                0x0000000008001304        0xe ./Core/Src/main.o
 *fill*         0x0000000008001312        0x2 
 .text.MX_GPIO_Init
                0x0000000008001314      0x26c ./Core/Src/main.o
 .text.__io_putchar
                0x0000000008001580       0x38 ./Core/Src/main.o
                0x0000000008001580                __io_putchar
 .text.HAL_TIM_PeriodElapsedCallback
                0x00000000080015b8       0x78 ./Core/Src/main.o
                0x00000000080015b8                HAL_TIM_PeriodElapsedCallback
 .text.HAL_TIM_IC_CaptureCallback
                0x0000000008001630      0x154 ./Core/Src/main.o
                0x0000000008001630                HAL_TIM_IC_CaptureCallback
 .text.HAL_GPIO_EXTI_Callback
                0x0000000008001784       0x38 ./Core/Src/main.o
                0x0000000008001784                HAL_GPIO_EXTI_Callback
 *fill*         0x00000000080017bc        0x4 
 .text.getEncoderAngle
                0x00000000080017c0       0x98 ./Core/Src/main.o
                0x00000000080017c0                getEncoderAngle
 .text.getAngularSpeed
                0x0000000008001858       0xa4 ./Core/Src/main.o
                0x0000000008001858                getAngularSpeed
 .text.getPosition
                0x00000000080018fc       0x3c ./Core/Src/main.o
                0x00000000080018fc                getPosition
 .text.getLinearSpeed
                0x0000000008001938       0x50 ./Core/Src/main.o
                0x0000000008001938                getLinearSpeed
 .text.setMotorDuty
                0x0000000008001988       0x20 ./Core/Src/main.o
                0x0000000008001988                setMotorDuty
 .text.setMotorDir
                0x00000000080019a8       0x24 ./Core/Src/main.o
                0x00000000080019a8                setMotorDir
 .text.printTelemetry
                0x00000000080019cc       0x68 ./Core/Src/main.o
                0x00000000080019cc                printTelemetry
 .text.Error_Handler
                0x0000000008001a34        0xa ./Core/Src/main.o
                0x0000000008001a34                Error_Handler
 *fill*         0x0000000008001a3e        0x2 
 .text.HAL_MspInit
                0x0000000008001a40       0x34 ./Core/Src/stm32h7xx_hal_msp.o
                0x0000000008001a40                HAL_MspInit
 .text.HAL_TIM_Base_MspInit
                0x0000000008001a74       0xcc ./Core/Src/stm32h7xx_hal_msp.o
                0x0000000008001a74                HAL_TIM_Base_MspInit
 .text.HAL_TIM_IC_MspInit
                0x0000000008001b40       0xa0 ./Core/Src/stm32h7xx_hal_msp.o
                0x0000000008001b40                HAL_TIM_IC_MspInit
 .text.HAL_TIM_Encoder_MspInit
                0x0000000008001be0       0xa4 ./Core/Src/stm32h7xx_hal_msp.o
                0x0000000008001be0                HAL_TIM_Encoder_MspInit
 .text.HAL_TIM_MspPostInit
                0x0000000008001c84       0x78 ./Core/Src/stm32h7xx_hal_msp.o
                0x0000000008001c84                HAL_TIM_MspPostInit
 .text.HAL_UART_MspInit
                0x0000000008001cfc      0x1ac ./Core/Src/stm32h7xx_hal_msp.o
                0x0000000008001cfc                HAL_UART_MspInit
 .text.NMI_Handler
                0x0000000008001ea8        0x6 ./Core/Src/stm32h7xx_it.o
                0x0000000008001ea8                NMI_Handler
 .text.HardFault_Handler
                0x0000000008001eae        0x6 ./Core/Src/stm32h7xx_it.o
                0x0000000008001eae                HardFault_Handler
 .text.MemManage_Handler
                0x0000000008001eb4        0x6 ./Core/Src/stm32h7xx_it.o
                0x0000000008001eb4                MemManage_Handler
 .text.BusFault_Handler
                0x0000000008001eba        0x6 ./Core/Src/stm32h7xx_it.o
                0x0000000008001eba                BusFault_Handler
 .text.UsageFault_Handler
                0x0000000008001ec0        0x6 ./Core/Src/stm32h7xx_it.o
                0x0000000008001ec0                UsageFault_Handler
 .text.SVC_Handler
                0x0000000008001ec6        0xe ./Core/Src/stm32h7xx_it.o
                0x0000000008001ec6                SVC_Handler
 .text.DebugMon_Handler
                0x0000000008001ed4        0xe ./Core/Src/stm32h7xx_it.o
                0x0000000008001ed4                DebugMon_Handler
 .text.PendSV_Handler
                0x0000000008001ee2        0xe ./Core/Src/stm32h7xx_it.o
                0x0000000008001ee2                PendSV_Handler
 .text.SysTick_Handler
                0x0000000008001ef0        0xc ./Core/Src/stm32h7xx_it.o
                0x0000000008001ef0                SysTick_Handler
 .text.TIM1_UP_IRQHandler
                0x0000000008001efc       0x14 ./Core/Src/stm32h7xx_it.o
                0x0000000008001efc                TIM1_UP_IRQHandler
 .text.TIM2_IRQHandler
                0x0000000008001f10       0x14 ./Core/Src/stm32h7xx_it.o
                0x0000000008001f10                TIM2_IRQHandler
 .text.TIM3_IRQHandler
                0x0000000008001f24       0x14 ./Core/Src/stm32h7xx_it.o
                0x0000000008001f24                TIM3_IRQHandler
 .text.TIM4_IRQHandler
                0x0000000008001f38       0x14 ./Core/Src/stm32h7xx_it.o
                0x0000000008001f38                TIM4_IRQHandler
 .text.EXTI15_10_IRQHandler
                0x0000000008001f4c       0x10 ./Core/Src/stm32h7xx_it.o
                0x0000000008001f4c                EXTI15_10_IRQHandler
 .text.TIM8_UP_TIM13_IRQHandler
                0x0000000008001f5c       0x14 ./Core/Src/stm32h7xx_it.o
                0x0000000008001f5c                TIM8_UP_TIM13_IRQHandler
 .text._getpid  0x0000000008001f70       0x10 ./Core/Src/syscalls.o
                0x0000000008001f70                _getpid
 .text._kill    0x0000000008001f80       0x20 ./Core/Src/syscalls.o
                0x0000000008001f80                _kill
 .text._exit    0x0000000008001fa0       0x14 ./Core/Src/syscalls.o
                0x0000000008001fa0                _exit
 .text._read    0x0000000008001fb4       0x3a ./Core/Src/syscalls.o
                0x0000000008001fb4                _read
 .text._write   0x0000000008001fee       0x38 ./Core/Src/syscalls.o
                0x0000000008001fee                _write
 .text._close   0x0000000008002026       0x18 ./Core/Src/syscalls.o
                0x0000000008002026                _close
 .text._fstat   0x000000000800203e       0x20 ./Core/Src/syscalls.o
                0x000000000800203e                _fstat
 .text._isatty  0x000000000800205e       0x16 ./Core/Src/syscalls.o
                0x000000000800205e                _isatty
 .text._lseek   0x0000000008002074       0x1a ./Core/Src/syscalls.o
                0x0000000008002074                _lseek
 *fill*         0x000000000800208e        0x2 
 .text._sbrk    0x0000000008002090       0x6c ./Core/Src/sysmem.o
                0x0000000008002090                _sbrk
 .text.SystemInit
                0x00000000080020fc       0xf0 ./Core/Src/system_stm32h7xx.o
                0x00000000080020fc                SystemInit
 .text.Reset_Handler
                0x00000000080021ec       0x50 ./Core/Startup/startup_stm32h7a3zitxq.o
                0x00000000080021ec                Reset_Handler
 .text.Default_Handler
                0x000000000800223c        0x2 ./Core/Startup/startup_stm32h7a3zitxq.o
                0x000000000800223c                RTC_Alarm_IRQHandler
                0x000000000800223c                EXTI2_IRQHandler
                0x000000000800223c                TIM8_CC_IRQHandler
                0x000000000800223c                UART8_IRQHandler
                0x000000000800223c                BDMA2_Channel1_IRQHandler
                0x000000000800223c                SPI4_IRQHandler
                0x000000000800223c                BDMA2_Channel0_IRQHandler
                0x000000000800223c                TIM1_CC_IRQHandler
                0x000000000800223c                DMA2_Stream5_IRQHandler
                0x000000000800223c                JPEG_IRQHandler
                0x000000000800223c                DMA1_Stream5_IRQHandler
                0x000000000800223c                EXTI3_IRQHandler
                0x000000000800223c                LPTIM4_IRQHandler
                0x000000000800223c                TIM8_TRG_COM_TIM14_IRQHandler
                0x000000000800223c                LPTIM2_IRQHandler
                0x000000000800223c                DFSDM1_FLT1_IRQHandler
                0x000000000800223c                DMAMUX2_OVR_IRQHandler
                0x000000000800223c                GFXMMU_IRQHandler
                0x000000000800223c                I2C3_ER_IRQHandler
                0x000000000800223c                DFSDM1_FLT2_IRQHandler
                0x000000000800223c                USART10_IRQHandler
                0x000000000800223c                MDMA_IRQHandler
                0x000000000800223c                LPTIM3_IRQHandler
                0x000000000800223c                BDMA2_Channel3_IRQHandler
                0x000000000800223c                HSEM1_IRQHandler
                0x000000000800223c                EXTI0_IRQHandler
                0x000000000800223c                I2C2_EV_IRQHandler
                0x000000000800223c                DAC2_IRQHandler
                0x000000000800223c                DMA1_Stream2_IRQHandler
                0x000000000800223c                FPU_IRQHandler
                0x000000000800223c                OTG_HS_WKUP_IRQHandler
                0x000000000800223c                FDCAN1_IT1_IRQHandler
                0x000000000800223c                LTDC_ER_IRQHandler
                0x000000000800223c                DMA2_Stream2_IRQHandler
                0x000000000800223c                SPI1_IRQHandler
                0x000000000800223c                OCTOSPI1_IRQHandler
                0x000000000800223c                TIM6_DAC_IRQHandler
                0x000000000800223c                BDMA2_Channel6_IRQHandler
                0x000000000800223c                DMA2_Stream3_IRQHandler
                0x000000000800223c                OCTOSPI2_IRQHandler
                0x000000000800223c                SAI2_IRQHandler
                0x000000000800223c                BDMA1_IRQHandler
                0x000000000800223c                DFSDM1_FLT3_IRQHandler
                0x000000000800223c                USART6_IRQHandler
                0x000000000800223c                TIM17_IRQHandler
                0x000000000800223c                USART3_IRQHandler
                0x000000000800223c                LPTIM5_IRQHandler
                0x000000000800223c                UART5_IRQHandler
                0x000000000800223c                DMA2_Stream0_IRQHandler
                0x000000000800223c                I2C1_EV_IRQHandler
                0x000000000800223c                DMA1_Stream6_IRQHandler
                0x000000000800223c                DMAMUX1_OVR_IRQHandler
                0x000000000800223c                DMA1_Stream1_IRQHandler
                0x000000000800223c                TIM16_IRQHandler
                0x000000000800223c                UART4_IRQHandler
                0x000000000800223c                RCC_IRQHandler
                0x000000000800223c                UART9_IRQHandler
                0x000000000800223c                TIM8_BRK_TIM12_IRQHandler
                0x000000000800223c                TIM1_TRG_COM_IRQHandler
                0x000000000800223c                Default_Handler
                0x000000000800223c                ECC_IRQHandler
                0x000000000800223c                BDMA2_Channel2_IRQHandler
                0x000000000800223c                CEC_IRQHandler
                0x000000000800223c                DFSDM1_FLT4_IRQHandler
                0x000000000800223c                ADC_IRQHandler
                0x000000000800223c                DMA1_Stream7_IRQHandler
                0x000000000800223c                SPI5_IRQHandler
                0x000000000800223c                TIM7_IRQHandler
                0x000000000800223c                SDMMC1_IRQHandler
                0x000000000800223c                TIM5_IRQHandler
                0x000000000800223c                DMA2_Stream7_IRQHandler
                0x000000000800223c                TIM15_IRQHandler
                0x000000000800223c                I2C3_EV_IRQHandler
                0x000000000800223c                DFSDM2_IRQHandler
                0x000000000800223c                EXTI9_5_IRQHandler
                0x000000000800223c                RTC_WKUP_IRQHandler
                0x000000000800223c                LTDC_IRQHandler
                0x000000000800223c                SPDIF_RX_IRQHandler
                0x000000000800223c                PVD_PVM_IRQHandler
                0x000000000800223c                SPI2_IRQHandler
                0x000000000800223c                OTG_HS_EP1_IN_IRQHandler
                0x000000000800223c                DFSDM1_FLT5_IRQHandler
                0x000000000800223c                DMA1_Stream0_IRQHandler
                0x000000000800223c                CRS_IRQHandler
                0x000000000800223c                EXTI4_IRQHandler
                0x000000000800223c                DFSDM1_FLT6_IRQHandler
                0x000000000800223c                RNG_IRQHandler
                0x000000000800223c                FDCAN2_IT1_IRQHandler
                0x000000000800223c                COMP_IRQHandler
                0x000000000800223c                OTG_HS_EP1_OUT_IRQHandler
                0x000000000800223c                WWDG_IRQHandler
                0x000000000800223c                SPI6_IRQHandler
                0x000000000800223c                MDIOS_IRQHandler
                0x000000000800223c                I2C4_EV_IRQHandler
                0x000000000800223c                FDCAN2_IT0_IRQHandler
                0x000000000800223c                LPUART1_IRQHandler
                0x000000000800223c                FDCAN1_IT0_IRQHandler
                0x000000000800223c                BDMA2_Channel5_IRQHandler
                0x000000000800223c                OTG_HS_IRQHandler
                0x000000000800223c                DMA2D_IRQHandler
                0x000000000800223c                TIM1_BRK_IRQHandler
                0x000000000800223c                EXTI1_IRQHandler
                0x000000000800223c                SDMMC2_IRQHandler
                0x000000000800223c                DTS_IRQHandler
                0x000000000800223c                UART7_IRQHandler
                0x000000000800223c                MDIOS_WKUP_IRQHandler
                0x000000000800223c                USART2_IRQHandler
                0x000000000800223c                DFSDM1_FLT0_IRQHandler
                0x000000000800223c                I2C2_ER_IRQHandler
                0x000000000800223c                DMA2_Stream1_IRQHandler
                0x000000000800223c                DFSDM1_FLT7_IRQHandler
                0x000000000800223c                FLASH_IRQHandler
                0x000000000800223c                DMA2_Stream4_IRQHandler
                0x000000000800223c                USART1_IRQHandler
                0x000000000800223c                SPI3_IRQHandler
                0x000000000800223c                WAKEUP_PIN_IRQHandler
                0x000000000800223c                DMA1_Stream4_IRQHandler
                0x000000000800223c                I2C1_ER_IRQHandler
                0x000000000800223c                FMC_IRQHandler
                0x000000000800223c                BDMA2_Channel7_IRQHandler
                0x000000000800223c                FDCAN_CAL_IRQHandler
                0x000000000800223c                SWPMI1_IRQHandler
                0x000000000800223c                LPTIM1_IRQHandler
                0x000000000800223c                DCMI_PSSI_IRQHandler
                0x000000000800223c                I2C4_ER_IRQHandler
                0x000000000800223c                DMA2_Stream6_IRQHandler
                0x000000000800223c                SAI1_IRQHandler
                0x000000000800223c                DMA1_Stream3_IRQHandler
                0x000000000800223c                RTC_TAMP_STAMP_CSS_LSE_IRQHandler
                0x000000000800223c                BDMA2_Channel4_IRQHandler
 *fill*         0x000000000800223e        0x2 
 .text.HAL_Init
                0x0000000008002240       0x78 ./Drivers/STM32H7xx_HAL_Driver/Src/stm32h7xx_hal.o
                0x0000000008002240                HAL_Init
 .text.HAL_InitTick
                0x00000000080022b8       0x6c ./Drivers/STM32H7xx_HAL_Driver/Src/stm32h7xx_hal.o
                0x00000000080022b8                HAL_InitTick
 .text.HAL_IncTick
                0x0000000008002324       0x28 ./Drivers/STM32H7xx_HAL_Driver/Src/stm32h7xx_hal.o
                0x0000000008002324                HAL_IncTick
 .text.HAL_GetTick
                0x000000000800234c       0x18 ./Drivers/STM32H7xx_HAL_Driver/Src/stm32h7xx_hal.o
                0x000000000800234c                HAL_GetTick
 .text.__NVIC_SetPriorityGrouping
                0x0000000008002364       0x48 ./Drivers/STM32H7xx_HAL_Driver/Src/stm32h7xx_hal_cortex.o
 .text.__NVIC_GetPriorityGrouping
                0x00000000080023ac       0x1c ./Drivers/STM32H7xx_HAL_Driver/Src/stm32h7xx_hal_cortex.o
 .text.__NVIC_EnableIRQ
                0x00000000080023c8       0x3c ./Drivers/STM32H7xx_HAL_Driver/Src/stm32h7xx_hal_cortex.o
 .text.__NVIC_SetPriority
                0x0000000008002404       0x54 ./Drivers/STM32H7xx_HAL_Driver/Src/stm32h7xx_hal_cortex.o
 .text.NVIC_EncodePriority
                0x0000000008002458       0x66 ./Drivers/STM32H7xx_HAL_Driver/Src/stm32h7xx_hal_cortex.o
 *fill*         0x00000000080024be        0x2 
 .text.SysTick_Config
                0x00000000080024c0       0x44 ./Drivers/STM32H7xx_HAL_Driver/Src/stm32h7xx_hal_cortex.o
 .text.HAL_NVIC_SetPriorityGrouping
                0x0000000008002504       0x16 ./Drivers/STM32H7xx_HAL_Driver/Src/stm32h7xx_hal_cortex.o
                0x0000000008002504                HAL_NVIC_SetPriorityGrouping
 .text.HAL_NVIC_SetPriority
                0x000000000800251a       0x34 ./Drivers/STM32H7xx_HAL_Driver/Src/stm32h7xx_hal_cortex.o
                0x000000000800251a                HAL_NVIC_SetPriority
 .text.HAL_NVIC_EnableIRQ
                0x000000000800254e       0x1c ./Drivers/STM32H7xx_HAL_Driver/Src/stm32h7xx_hal_cortex.o
                0x000000000800254e                HAL_NVIC_EnableIRQ
 .text.HAL_SYSTICK_Config
                0x000000000800256a       0x18 ./Drivers/STM32H7xx_HAL_Driver/Src/stm32h7xx_hal_cortex.o
                0x000000000800256a                HAL_SYSTICK_Config
 *fill*         0x0000000008002582        0x2 
 .text.HAL_GPIO_Init
                0x0000000008002584      0x360 ./Drivers/STM32H7xx_HAL_Driver/Src/stm32h7xx_hal_gpio.o
                0x0000000008002584                HAL_GPIO_Init
 .text.HAL_GPIO_WritePin
                0x00000000080028e4       0x32 ./Drivers/STM32H7xx_HAL_Driver/Src/stm32h7xx_hal_gpio.o
                0x00000000080028e4                HAL_GPIO_WritePin
 .text.HAL_GPIO_EXTI_IRQHandler
                0x0000000008002916       0x34 ./Drivers/STM32H7xx_HAL_Driver/Src/stm32h7xx_hal_gpio.o
                0x0000000008002916                HAL_GPIO_EXTI_IRQHandler
 *fill*         0x000000000800294a        0x2 
 .text.HAL_PWREx_ConfigSupply
                0x000000000800294c       0xb4 ./Drivers/STM32H7xx_HAL_Driver/Src/stm32h7xx_hal_pwr_ex.o
                0x000000000800294c                HAL_PWREx_ConfigSupply
 .text.HAL_RCC_OscConfig
                0x0000000008002a00      0x808 ./Drivers/STM32H7xx_HAL_Driver/Src/stm32h7xx_hal_rcc.o
                0x0000000008002a00                HAL_RCC_OscConfig
 .text.HAL_RCC_ClockConfig
                0x0000000008003208      0x36c ./Drivers/STM32H7xx_HAL_Driver/Src/stm32h7xx_hal_rcc.o
                0x0000000008003208                HAL_RCC_ClockConfig
 .text.HAL_RCC_GetSysClockFreq
                0x0000000008003574      0x2f4 ./Drivers/STM32H7xx_HAL_Driver/Src/stm32h7xx_hal_rcc.o
                0x0000000008003574                HAL_RCC_GetSysClockFreq
 .text.HAL_RCC_GetHCLKFreq
                0x0000000008003868       0x60 ./Drivers/STM32H7xx_HAL_Driver/Src/stm32h7xx_hal_rcc.o
                0x0000000008003868                HAL_RCC_GetHCLKFreq
 .text.HAL_RCC_GetPCLK1Freq
                0x00000000080038c8       0x2c ./Drivers/STM32H7xx_HAL_Driver/Src/stm32h7xx_hal_rcc.o
                0x00000000080038c8                HAL_RCC_GetPCLK1Freq
 .text.HAL_RCC_GetPCLK2Freq
                0x00000000080038f4       0x2c ./Drivers/STM32H7xx_HAL_Driver/Src/stm32h7xx_hal_rcc.o
                0x00000000080038f4                HAL_RCC_GetPCLK2Freq
 .text.HAL_RCCEx_PeriphCLKConfig
                0x0000000008003920      0xe18 ./Drivers/STM32H7xx_HAL_Driver/Src/stm32h7xx_hal_rcc_ex.o
                0x0000000008003920                HAL_RCCEx_PeriphCLKConfig
 .text.HAL_RCCEx_GetD3PCLK1Freq
                0x0000000008004738       0x2c ./Drivers/STM32H7xx_HAL_Driver/Src/stm32h7xx_hal_rcc_ex.o
                0x0000000008004738                HAL_RCCEx_GetD3PCLK1Freq
 .text.HAL_RCCEx_GetPLL2ClockFreq
                0x0000000008004764      0x2a8 ./Drivers/STM32H7xx_HAL_Driver/Src/stm32h7xx_hal_rcc_ex.o
                0x0000000008004764                HAL_RCCEx_GetPLL2ClockFreq
 .text.HAL_RCCEx_GetPLL3ClockFreq
                0x0000000008004a0c      0x2a8 ./Drivers/STM32H7xx_HAL_Driver/Src/stm32h7xx_hal_rcc_ex.o
                0x0000000008004a0c                HAL_RCCEx_GetPLL3ClockFreq
 .text.RCCEx_PLL2_Config
                0x0000000008004cb4      0x164 ./Drivers/STM32H7xx_HAL_Driver/Src/stm32h7xx_hal_rcc_ex.o
 .text.RCCEx_PLL3_Config
                0x0000000008004e18      0x164 ./Drivers/STM32H7xx_HAL_Driver/Src/stm32h7xx_hal_rcc_ex.o
 .text.HAL_TIM_Base_Init
                0x0000000008004f7c       0xae ./Drivers/STM32H7xx_HAL_Driver/Src/stm32h7xx_hal_tim.o
                0x0000000008004f7c                HAL_TIM_Base_Init
 *fill*         0x000000000800502a        0x2 
 .text.HAL_TIM_Base_Start_IT
                0x000000000800502c       0xf0 ./Drivers/STM32H7xx_HAL_Driver/Src/stm32h7xx_hal_tim.o
                0x000000000800502c                HAL_TIM_Base_Start_IT
 .text.HAL_TIM_PWM_Init
                0x000000000800511c       0xae ./Drivers/STM32H7xx_HAL_Driver/Src/stm32h7xx_hal_tim.o
                0x000000000800511c                HAL_TIM_PWM_Init
 .text.HAL_TIM_PWM_MspInit
                0x00000000080051ca       0x14 ./Drivers/STM32H7xx_HAL_Driver/Src/stm32h7xx_hal_tim.o
                0x00000000080051ca                HAL_TIM_PWM_MspInit
 *fill*         0x00000000080051de        0x2 
 .text.HAL_TIM_PWM_Start
                0x00000000080051e0      0x21c ./Drivers/STM32H7xx_HAL_Driver/Src/stm32h7xx_hal_tim.o
                0x00000000080051e0                HAL_TIM_PWM_Start
 .text.HAL_TIM_IC_Init
                0x00000000080053fc       0xae ./Drivers/STM32H7xx_HAL_Driver/Src/stm32h7xx_hal_tim.o
                0x00000000080053fc                HAL_TIM_IC_Init
 *fill*         0x00000000080054aa        0x2 
 .text.HAL_TIM_IC_Start_IT
                0x00000000080054ac      0x2a0 ./Drivers/STM32H7xx_HAL_Driver/Src/stm32h7xx_hal_tim.o
                0x00000000080054ac                HAL_TIM_IC_Start_IT
 .text.HAL_TIM_Encoder_Init
                0x000000000800574c      0x14c ./Drivers/STM32H7xx_HAL_Driver/Src/stm32h7xx_hal_tim.o
                0x000000000800574c                HAL_TIM_Encoder_Init
 .text.HAL_TIM_Encoder_Start
                0x0000000008005898      0x11c ./Drivers/STM32H7xx_HAL_Driver/Src/stm32h7xx_hal_tim.o
                0x0000000008005898                HAL_TIM_Encoder_Start
 .text.HAL_TIM_IRQHandler
                0x00000000080059b4      0x23e ./Drivers/STM32H7xx_HAL_Driver/Src/stm32h7xx_hal_tim.o
                0x00000000080059b4                HAL_TIM_IRQHandler
 .text.HAL_TIM_IC_ConfigChannel
                0x0000000008005bf2      0x138 ./Drivers/STM32H7xx_HAL_Driver/Src/stm32h7xx_hal_tim.o
                0x0000000008005bf2                HAL_TIM_IC_ConfigChannel
 *fill*         0x0000000008005d2a        0x2 
 .text.HAL_TIM_PWM_ConfigChannel
                0x0000000008005d2c      0x228 ./Drivers/STM32H7xx_HAL_Driver/Src/stm32h7xx_hal_tim.o
                0x0000000008005d2c                HAL_TIM_PWM_ConfigChannel
 .text.HAL_TIM_ConfigClockSource
                0x0000000008005f54      0x1f0 ./Drivers/STM32H7xx_HAL_Driver/Src/stm32h7xx_hal_tim.o
                0x0000000008005f54                HAL_TIM_ConfigClockSource
 .text.HAL_TIM_ReadCapturedValue
                0x0000000008006144       0x88 ./Drivers/STM32H7xx_HAL_Driver/Src/stm32h7xx_hal_tim.o
                0x0000000008006144                HAL_TIM_ReadCapturedValue
 .text.HAL_TIM_OC_DelayElapsedCallback
                0x00000000080061cc       0x14 ./Drivers/STM32H7xx_HAL_Driver/Src/stm32h7xx_hal_tim.o
                0x00000000080061cc                HAL_TIM_OC_DelayElapsedCallback
 .text.HAL_TIM_PWM_PulseFinishedCallback
                0x00000000080061e0       0x14 ./Drivers/STM32H7xx_HAL_Driver/Src/stm32h7xx_hal_tim.o
                0x00000000080061e0                HAL_TIM_PWM_PulseFinishedCallback
 .text.HAL_TIM_TriggerCallback
                0x00000000080061f4       0x14 ./Drivers/STM32H7xx_HAL_Driver/Src/stm32h7xx_hal_tim.o
                0x00000000080061f4                HAL_TIM_TriggerCallback
 .text.TIM_Base_SetConfig
                0x0000000008006208      0x134 ./Drivers/STM32H7xx_HAL_Driver/Src/stm32h7xx_hal_tim.o
                0x0000000008006208                TIM_Base_SetConfig
 .text.TIM_OC1_SetConfig
                0x000000000800633c      0x120 ./Drivers/STM32H7xx_HAL_Driver/Src/stm32h7xx_hal_tim.o
 .text.TIM_OC2_SetConfig
                0x000000000800645c      0x114 ./Drivers/STM32H7xx_HAL_Driver/Src/stm32h7xx_hal_tim.o
                0x000000000800645c                TIM_OC2_SetConfig
 .text.TIM_OC3_SetConfig
                0x0000000008006570      0x110 ./Drivers/STM32H7xx_HAL_Driver/Src/stm32h7xx_hal_tim.o
 .text.TIM_OC4_SetConfig
                0x0000000008006680       0xd4 ./Drivers/STM32H7xx_HAL_Driver/Src/stm32h7xx_hal_tim.o
 .text.TIM_OC5_SetConfig
                0x0000000008006754       0xc8 ./Drivers/STM32H7xx_HAL_Driver/Src/stm32h7xx_hal_tim.o
 .text.TIM_OC6_SetConfig
                0x000000000800681c       0xcc ./Drivers/STM32H7xx_HAL_Driver/Src/stm32h7xx_hal_tim.o
 .text.TIM_TI1_SetConfig
                0x00000000080068e8       0xe8 ./Drivers/STM32H7xx_HAL_Driver/Src/stm32h7xx_hal_tim.o
                0x00000000080068e8                TIM_TI1_SetConfig
 .text.TIM_TI1_ConfigInputStage
                0x00000000080069d0       0x5e ./Drivers/STM32H7xx_HAL_Driver/Src/stm32h7xx_hal_tim.o
 .text.TIM_TI2_SetConfig
                0x0000000008006a2e       0x7a ./Drivers/STM32H7xx_HAL_Driver/Src/stm32h7xx_hal_tim.o
 .text.TIM_TI2_ConfigInputStage
                0x0000000008006aa8       0x60 ./Drivers/STM32H7xx_HAL_Driver/Src/stm32h7xx_hal_tim.o
 .text.TIM_TI3_SetConfig
                0x0000000008006b08       0x78 ./Drivers/STM32H7xx_HAL_Driver/Src/stm32h7xx_hal_tim.o
 .text.TIM_TI4_SetConfig
                0x0000000008006b80       0x7a ./Drivers/STM32H7xx_HAL_Driver/Src/stm32h7xx_hal_tim.o
 *fill*         0x0000000008006bfa        0x2 
 .text.TIM_ITRx_SetConfig
                0x0000000008006bfc       0x3c ./Drivers/STM32H7xx_HAL_Driver/Src/stm32h7xx_hal_tim.o
 .text.TIM_ETR_SetConfig
                0x0000000008006c38       0x40 ./Drivers/STM32H7xx_HAL_Driver/Src/stm32h7xx_hal_tim.o
                0x0000000008006c38                TIM_ETR_SetConfig
 .text.TIM_CCxChannelCmd
                0x0000000008006c78       0x4a ./Drivers/STM32H7xx_HAL_Driver/Src/stm32h7xx_hal_tim.o
                0x0000000008006c78                TIM_CCxChannelCmd
 *fill*         0x0000000008006cc2        0x2 
 .text.HAL_TIMEx_MasterConfigSynchronization
                0x0000000008006cc4      0x11c ./Drivers/STM32H7xx_HAL_Driver/Src/stm32h7xx_hal_tim_ex.o
                0x0000000008006cc4                HAL_TIMEx_MasterConfigSynchronization
 .text.HAL_TIMEx_CommutCallback
                0x0000000008006de0       0x14 ./Drivers/STM32H7xx_HAL_Driver/Src/stm32h7xx_hal_tim_ex.o
                0x0000000008006de0                HAL_TIMEx_CommutCallback
 .text.HAL_TIMEx_BreakCallback
                0x0000000008006df4       0x14 ./Drivers/STM32H7xx_HAL_Driver/Src/stm32h7xx_hal_tim_ex.o
                0x0000000008006df4                HAL_TIMEx_BreakCallback
 .text.HAL_TIMEx_Break2Callback
                0x0000000008006e08       0x14 ./Drivers/STM32H7xx_HAL_Driver/Src/stm32h7xx_hal_tim_ex.o
                0x0000000008006e08                HAL_TIMEx_Break2Callback
 .text.HAL_UART_Init
                0x0000000008006e1c       0xa0 ./Drivers/STM32H7xx_HAL_Driver/Src/stm32h7xx_hal_uart.o
                0x0000000008006e1c                HAL_UART_Init
 .text.HAL_UART_Transmit
                0x0000000008006ebc      0x12c ./Drivers/STM32H7xx_HAL_Driver/Src/stm32h7xx_hal_uart.o
                0x0000000008006ebc                HAL_UART_Transmit
 .text.UART_SetConfig
                0x0000000008006fe8      0xcd8 ./Drivers/STM32H7xx_HAL_Driver/Src/stm32h7xx_hal_uart.o
                0x0000000008006fe8                UART_SetConfig
 .text.UART_AdvFeatureConfig
                0x0000000008007cc0      0x144 ./Drivers/STM32H7xx_HAL_Driver/Src/stm32h7xx_hal_uart.o
                0x0000000008007cc0                UART_AdvFeatureConfig
 .text.UART_CheckIdleState
                0x0000000008007e04       0x96 ./Drivers/STM32H7xx_HAL_Driver/Src/stm32h7xx_hal_uart.o
                0x0000000008007e04                UART_CheckIdleState
 .text.UART_WaitOnFlagUntilTimeout
                0x0000000008007e9a      0x190 ./Drivers/STM32H7xx_HAL_Driver/Src/stm32h7xx_hal_uart.o
                0x0000000008007e9a                UART_WaitOnFlagUntilTimeout
 .text.HAL_UARTEx_DisableFifoMode
                0x000000000800802a       0x72 ./Drivers/STM32H7xx_HAL_Driver/Src/stm32h7xx_hal_uart_ex.o
                0x000000000800802a                HAL_UARTEx_DisableFifoMode
 .text.HAL_UARTEx_SetTxFifoThreshold
                0x000000000800809c       0x7c ./Drivers/STM32H7xx_HAL_Driver/Src/stm32h7xx_hal_uart_ex.o
                0x000000000800809c                HAL_UARTEx_SetTxFifoThreshold
 .text.HAL_UARTEx_SetRxFifoThreshold
                0x0000000008008118       0x7c ./Drivers/STM32H7xx_HAL_Driver/Src/stm32h7xx_hal_uart_ex.o
                0x0000000008008118                HAL_UARTEx_SetRxFifoThreshold
 .text.UARTEx_SetNbDataToProcess
                0x0000000008008194       0x9c ./Drivers/STM32H7xx_HAL_Driver/Src/stm32h7xx_hal_uart_ex.o
 .text.__errno  0x0000000008008230        0xc c:/st/stm32cubeide_1.10.1/stm32cubeide/plugins/com.st.stm32cube.ide.mcu.externaltools.gnu-tools-for-stm32.10.3-2021.10.win32_1.0.0.202111181127/tools/bin/../lib/gcc/arm-none-eabi/10.3.1/../../../../arm-none-eabi/lib/thumb/v7e-m+dp/hard\libc_nano.a(lib_a-errno.o)
                0x0000000008008230                __errno
 .text.__libc_init_array
                0x000000000800823c       0x48 c:/st/stm32cubeide_1.10.1/stm32cubeide/plugins/com.st.stm32cube.ide.mcu.externaltools.gnu-tools-for-stm32.10.3-2021.10.win32_1.0.0.202111181127/tools/bin/../lib/gcc/arm-none-eabi/10.3.1/../../../../arm-none-eabi/lib/thumb/v7e-m+dp/hard\libc_nano.a(lib_a-init.o)
                0x000000000800823c                __libc_init_array
 .text.memset   0x0000000008008284       0x10 c:/st/stm32cubeide_1.10.1/stm32cubeide/plugins/com.st.stm32cube.ide.mcu.externaltools.gnu-tools-for-stm32.10.3-2021.10.win32_1.0.0.202111181127/tools/bin/../lib/gcc/arm-none-eabi/10.3.1/../../../../arm-none-eabi/lib/thumb/v7e-m+dp/hard\libc_nano.a(lib_a-memset.o)
                0x0000000008008284                memset
 .text.__cvt    0x0000000008008294       0xa4 c:/st/stm32cubeide_1.10.1/stm32cubeide/plugins/com.st.stm32cube.ide.mcu.externaltools.gnu-tools-for-stm32.10.3-2021.10.win32_1.0.0.202111181127/tools/bin/../lib/gcc/arm-none-eabi/10.3.1/../../../../arm-none-eabi/lib/thumb/v7e-m+dp/hard\libc_nano.a(lib_a-nano-vfprintf_float.o)
                0x0000000008008294                __cvt
 .text.__exponent
                0x0000000008008338       0x7c c:/st/stm32cubeide_1.10.1/stm32cubeide/plugins/com.st.stm32cube.ide.mcu.externaltools.gnu-tools-for-stm32.10.3-2021.10.win32_1.0.0.202111181127/tools/bin/../lib/gcc/arm-none-eabi/10.3.1/../../../../arm-none-eabi/lib/thumb/v7e-m+dp/hard\libc_nano.a(lib_a-nano-vfprintf_float.o)
                0x0000000008008338                __exponent
 *fill*         0x00000000080083b4        0x4 
 .text._printf_float
                0x00000000080083b8      0x43c c:/st/stm32cubeide_1.10.1/stm32cubeide/plugins/com.st.stm32cube.ide.mcu.externaltools.gnu-tools-for-stm32.10.3-2021.10.win32_1.0.0.202111181127/tools/bin/../lib/gcc/arm-none-eabi/10.3.1/../../../../arm-none-eabi/lib/thumb/v7e-m+dp/hard\libc_nano.a(lib_a-nano-vfprintf_float.o)
                0x00000000080083b8                _printf_float
 .text._printf_common
                0x00000000080087f4       0xda c:/st/stm32cubeide_1.10.1/stm32cubeide/plugins/com.st.stm32cube.ide.mcu.externaltools.gnu-tools-for-stm32.10.3-2021.10.win32_1.0.0.202111181127/tools/bin/../lib/gcc/arm-none-eabi/10.3.1/../../../../arm-none-eabi/lib/thumb/v7e-m+dp/hard\libc_nano.a(lib_a-nano-vfprintf_i.o)
                0x00000000080087f4                _printf_common
 *fill*         0x00000000080088ce        0x2 
 .text._printf_i
                0x00000000080088d0      0x24c c:/st/stm32cubeide_1.10.1/stm32cubeide/plugins/com.st.stm32cube.ide.mcu.externaltools.gnu-tools-for-stm32.10.3-2021.10.win32_1.0.0.202111181127/tools/bin/../lib/gcc/arm-none-eabi/10.3.1/../../../../arm-none-eabi/lib/thumb/v7e-m+dp/hard\libc_nano.a(lib_a-nano-vfprintf_i.o)
                0x00000000080088d0                _printf_i
 .text._scanf_float
                0x0000000008008b1c      0x40c c:/st/stm32cubeide_1.10.1/stm32cubeide/plugins/com.st.stm32cube.ide.mcu.externaltools.gnu-tools-for-stm32.10.3-2021.10.win32_1.0.0.202111181127/tools/bin/../lib/gcc/arm-none-eabi/10.3.1/../../../../arm-none-eabi/lib/thumb/v7e-m+dp/hard\libc_nano.a(lib_a-nano-vfscanf_float.o)
                0x0000000008008b1c                _scanf_float
 .text.printf   0x0000000008008f28       0x30 c:/st/stm32cubeide_1.10.1/stm32cubeide/plugins/com.st.stm32cube.ide.mcu.externaltools.gnu-tools-for-stm32.10.3-2021.10.win32_1.0.0.202111181127/tools/bin/../lib/gcc/arm-none-eabi/10.3.1/../../../../arm-none-eabi/lib/thumb/v7e-m+dp/hard\libc_nano.a(lib_a-printf.o)
                0x0000000008008f28                iprintf
                0x0000000008008f28                printf
 .text.nanf     0x0000000008008f58        0xc c:/st/stm32cubeide_1.10.1/stm32cubeide/plugins/com.st.stm32cube.ide.mcu.externaltools.gnu-tools-for-stm32.10.3-2021.10.win32_1.0.0.202111181127/tools/bin/../lib/gcc/arm-none-eabi/10.3.1/../../../../arm-none-eabi/lib/thumb/v7e-m+dp/hard\libc_nano.a(lib_a-sf_nan.o)
                0x0000000008008f58                nanf
 .text.sprintf  0x0000000008008f64       0x40 c:/st/stm32cubeide_1.10.1/stm32cubeide/plugins/com.st.stm32cube.ide.mcu.externaltools.gnu-tools-for-stm32.10.3-2021.10.win32_1.0.0.202111181127/tools/bin/../lib/gcc/arm-none-eabi/10.3.1/../../../../arm-none-eabi/lib/thumb/v7e-m+dp/hard\libc_nano.a(lib_a-sprintf.o)
                0x0000000008008f64                siprintf
                0x0000000008008f64                sprintf
 .text.sulp     0x0000000008008fa4       0x34 c:/st/stm32cubeide_1.10.1/stm32cubeide/plugins/com.st.stm32cube.ide.mcu.externaltools.gnu-tools-for-stm32.10.3-2021.10.win32_1.0.0.202111181127/tools/bin/../lib/gcc/arm-none-eabi/10.3.1/../../../../arm-none-eabi/lib/thumb/v7e-m+dp/hard\libc_nano.a(lib_a-strtod.o)
 .text._strtod_l
                0x0000000008008fd8      0xb6c c:/st/stm32cubeide_1.10.1/stm32cubeide/plugins/com.st.stm32cube.ide.mcu.externaltools.gnu-tools-for-stm32.10.3-2021.10.win32_1.0.0.202111181127/tools/bin/../lib/gcc/arm-none-eabi/10.3.1/../../../../arm-none-eabi/lib/thumb/v7e-m+dp/hard\libc_nano.a(lib_a-strtod.o)
                0x0000000008008fd8                _strtod_l
 .text._strtod_r
                0x0000000008009b44        0xc c:/st/stm32cubeide_1.10.1/stm32cubeide/plugins/com.st.stm32cube.ide.mcu.externaltools.gnu-tools-for-stm32.10.3-2021.10.win32_1.0.0.202111181127/tools/bin/../lib/gcc/arm-none-eabi/10.3.1/../../../../arm-none-eabi/lib/thumb/v7e-m+dp/hard\libc_nano.a(lib_a-strtod.o)
                0x0000000008009b44                _strtod_r
 .text._strtol_l.constprop.0
                0x0000000008009b50      0x104 c:/st/stm32cubeide_1.10.1/stm32cubeide/plugins/com.st.stm32cube.ide.mcu.externaltools.gnu-tools-for-stm32.10.3-2021.10.win32_1.0.0.202111181127/tools/bin/../lib/gcc/arm-none-eabi/10.3.1/../../../../arm-none-eabi/lib/thumb/v7e-m+dp/hard\libc_nano.a(lib_a-strtol.o)
 .text._strtol_r
                0x0000000008009c54        0x4 c:/st/stm32cubeide_1.10.1/stm32cubeide/plugins/com.st.stm32cube.ide.mcu.externaltools.gnu-tools-for-stm32.10.3-2021.10.win32_1.0.0.202111181127/tools/bin/../lib/gcc/arm-none-eabi/10.3.1/../../../../arm-none-eabi/lib/thumb/v7e-m+dp/hard\libc_nano.a(lib_a-strtol.o)
                0x0000000008009c54                _strtol_r
 .text.quorem   0x0000000008009c58      0x116 c:/st/stm32cubeide_1.10.1/stm32cubeide/plugins/com.st.stm32cube.ide.mcu.externaltools.gnu-tools-for-stm32.10.3-2021.10.win32_1.0.0.202111181127/tools/bin/../lib/gcc/arm-none-eabi/10.3.1/../../../../arm-none-eabi/lib/thumb/v7e-m+dp/hard\libc_nano.a(lib_a-dtoa.o)
 *fill*         0x0000000008009d6e        0x2 
 .text._dtoa_r  0x0000000008009d70      0xadc c:/st/stm32cubeide_1.10.1/stm32cubeide/plugins/com.st.stm32cube.ide.mcu.externaltools.gnu-tools-for-stm32.10.3-2021.10.win32_1.0.0.202111181127/tools/bin/../lib/gcc/arm-none-eabi/10.3.1/../../../../arm-none-eabi/lib/thumb/v7e-m+dp/hard\libc_nano.a(lib_a-dtoa.o)
                0x0000000008009d70                _dtoa_r
 .text.std      0x000000000800a84c       0x48 c:/st/stm32cubeide_1.10.1/stm32cubeide/plugins/com.st.stm32cube.ide.mcu.externaltools.gnu-tools-for-stm32.10.3-2021.10.win32_1.0.0.202111181127/tools/bin/../lib/gcc/arm-none-eabi/10.3.1/../../../../arm-none-eabi/lib/thumb/v7e-m+dp/hard\libc_nano.a(lib_a-findfp.o)
 .text._cleanup_r
                0x000000000800a894        0xc c:/st/stm32cubeide_1.10.1/stm32cubeide/plugins/com.st.stm32cube.ide.mcu.externaltools.gnu-tools-for-stm32.10.3-2021.10.win32_1.0.0.202111181127/tools/bin/../lib/gcc/arm-none-eabi/10.3.1/../../../../arm-none-eabi/lib/thumb/v7e-m+dp/hard\libc_nano.a(lib_a-findfp.o)
                0x000000000800a894                _cleanup_r
 .text.__sfmoreglue
                0x000000000800a8a0       0x2c c:/st/stm32cubeide_1.10.1/stm32cubeide/plugins/com.st.stm32cube.ide.mcu.externaltools.gnu-tools-for-stm32.10.3-2021.10.win32_1.0.0.202111181127/tools/bin/../lib/gcc/arm-none-eabi/10.3.1/../../../../arm-none-eabi/lib/thumb/v7e-m+dp/hard\libc_nano.a(lib_a-findfp.o)
                0x000000000800a8a0                __sfmoreglue
 .text.__sfp_lock_acquire
                0x000000000800a8cc        0xc c:/st/stm32cubeide_1.10.1/stm32cubeide/plugins/com.st.stm32cube.ide.mcu.externaltools.gnu-tools-for-stm32.10.3-2021.10.win32_1.0.0.202111181127/tools/bin/../lib/gcc/arm-none-eabi/10.3.1/../../../../arm-none-eabi/lib/thumb/v7e-m+dp/hard\libc_nano.a(lib_a-findfp.o)
                0x000000000800a8cc                __sfp_lock_acquire
 .text.__sfp_lock_release
                0x000000000800a8d8        0xc c:/st/stm32cubeide_1.10.1/stm32cubeide/plugins/com.st.stm32cube.ide.mcu.externaltools.gnu-tools-for-stm32.10.3-2021.10.win32_1.0.0.202111181127/tools/bin/../lib/gcc/arm-none-eabi/10.3.1/../../../../arm-none-eabi/lib/thumb/v7e-m+dp/hard\libc_nano.a(lib_a-findfp.o)
                0x000000000800a8d8                __sfp_lock_release
 .text.__sinit_lock_acquire
                0x000000000800a8e4        0xc c:/st/stm32cubeide_1.10.1/stm32cubeide/plugins/com.st.stm32cube.ide.mcu.externaltools.gnu-tools-for-stm32.10.3-2021.10.win32_1.0.0.202111181127/tools/bin/../lib/gcc/arm-none-eabi/10.3.1/../../../../arm-none-eabi/lib/thumb/v7e-m+dp/hard\libc_nano.a(lib_a-findfp.o)
                0x000000000800a8e4                __sinit_lock_acquire
 .text.__sinit_lock_release
                0x000000000800a8f0        0xc c:/st/stm32cubeide_1.10.1/stm32cubeide/plugins/com.st.stm32cube.ide.mcu.externaltools.gnu-tools-for-stm32.10.3-2021.10.win32_1.0.0.202111181127/tools/bin/../lib/gcc/arm-none-eabi/10.3.1/../../../../arm-none-eabi/lib/thumb/v7e-m+dp/hard\libc_nano.a(lib_a-findfp.o)
                0x000000000800a8f0                __sinit_lock_release
 .text.__sinit  0x000000000800a8fc       0x70 c:/st/stm32cubeide_1.10.1/stm32cubeide/plugins/com.st.stm32cube.ide.mcu.externaltools.gnu-tools-for-stm32.10.3-2021.10.win32_1.0.0.202111181127/tools/bin/../lib/gcc/arm-none-eabi/10.3.1/../../../../arm-none-eabi/lib/thumb/v7e-m+dp/hard\libc_nano.a(lib_a-findfp.o)
                0x000000000800a8fc                __sinit
 .text.__sfp    0x000000000800a96c       0x8c c:/st/stm32cubeide_1.10.1/stm32cubeide/plugins/com.st.stm32cube.ide.mcu.externaltools.gnu-tools-for-stm32.10.3-2021.10.win32_1.0.0.202111181127/tools/bin/../lib/gcc/arm-none-eabi/10.3.1/../../../../arm-none-eabi/lib/thumb/v7e-m+dp/hard\libc_nano.a(lib_a-findfp.o)
                0x000000000800a96c                __sfp
 .text._fwalk_reent
                0x000000000800a9f8       0x3e c:/st/stm32cubeide_1.10.1/stm32cubeide/plugins/com.st.stm32cube.ide.mcu.externaltools.gnu-tools-for-stm32.10.3-2021.10.win32_1.0.0.202111181127/tools/bin/../lib/gcc/arm-none-eabi/10.3.1/../../../../arm-none-eabi/lib/thumb/v7e-m+dp/hard\libc_nano.a(lib_a-fwalk.o)
                0x000000000800a9f8                _fwalk_reent
 .text.rshift   0x000000000800aa36       0xa4 c:/st/stm32cubeide_1.10.1/stm32cubeide/plugins/com.st.stm32cube.ide.mcu.externaltools.gnu-tools-for-stm32.10.3-2021.10.win32_1.0.0.202111181127/tools/bin/../lib/gcc/arm-none-eabi/10.3.1/../../../../arm-none-eabi/lib/thumb/v7e-m+dp/hard\libc_nano.a(lib_a-gdtoa-gethex.o)
 .text.__hexdig_fun
                0x000000000800aada       0x2a c:/st/stm32cubeide_1.10.1/stm32cubeide/plugins/com.st.stm32cube.ide.mcu.externaltools.gnu-tools-for-stm32.10.3-2021.10.win32_1.0.0.202111181127/tools/bin/../lib/gcc/arm-none-eabi/10.3.1/../../../../arm-none-eabi/lib/thumb/v7e-m+dp/hard\libc_nano.a(lib_a-gdtoa-gethex.o)
                0x000000000800aada                __hexdig_fun
 .text.__gethex
                0x000000000800ab04      0x48c c:/st/stm32cubeide_1.10.1/stm32cubeide/plugins/com.st.stm32cube.ide.mcu.externaltools.gnu-tools-for-stm32.10.3-2021.10.win32_1.0.0.202111181127/tools/bin/../lib/gcc/arm-none-eabi/10.3.1/../../../../arm-none-eabi/lib/thumb/v7e-m+dp/hard\libc_nano.a(lib_a-gdtoa-gethex.o)
                0x000000000800ab04                __gethex
 .text.L_shift  0x000000000800af90       0x24 c:/st/stm32cubeide_1.10.1/stm32cubeide/plugins/com.st.stm32cube.ide.mcu.externaltools.gnu-tools-for-stm32.10.3-2021.10.win32_1.0.0.202111181127/tools/bin/../lib/gcc/arm-none-eabi/10.3.1/../../../../arm-none-eabi/lib/thumb/v7e-m+dp/hard\libc_nano.a(lib_a-gdtoa-hexnan.o)
 .text.__match  0x000000000800afb4       0x28 c:/st/stm32cubeide_1.10.1/stm32cubeide/plugins/com.st.stm32cube.ide.mcu.externaltools.gnu-tools-for-stm32.10.3-2021.10.win32_1.0.0.202111181127/tools/bin/../lib/gcc/arm-none-eabi/10.3.1/../../../../arm-none-eabi/lib/thumb/v7e-m+dp/hard\libc_nano.a(lib_a-gdtoa-hexnan.o)
                0x000000000800afb4                __match
 .text.__hexnan
                0x000000000800afdc      0x138 c:/st/stm32cubeide_1.10.1/stm32cubeide/plugins/com.st.stm32cube.ide.mcu.externaltools.gnu-tools-for-stm32.10.3-2021.10.win32_1.0.0.202111181127/tools/bin/../lib/gcc/arm-none-eabi/10.3.1/../../../../arm-none-eabi/lib/thumb/v7e-m+dp/hard\libc_nano.a(lib_a-gdtoa-hexnan.o)
                0x000000000800afdc                __hexnan
 .text._localeconv_r
                0x000000000800b114        0x8 c:/st/stm32cubeide_1.10.1/stm32cubeide/plugins/com.st.stm32cube.ide.mcu.externaltools.gnu-tools-for-stm32.10.3-2021.10.win32_1.0.0.202111181127/tools/bin/../lib/gcc/arm-none-eabi/10.3.1/../../../../arm-none-eabi/lib/thumb/v7e-m+dp/hard\libc_nano.a(lib_a-localeconv.o)
                0x000000000800b114                _localeconv_r
 .text.__retarget_lock_init_recursive
                0x000000000800b11c        0x2 c:/st/stm32cubeide_1.10.1/stm32cubeide/plugins/com.st.stm32cube.ide.mcu.externaltools.gnu-tools-for-stm32.10.3-2021.10.win32_1.0.0.202111181127/tools/bin/../lib/gcc/arm-none-eabi/10.3.1/../../../../arm-none-eabi/lib/thumb/v7e-m+dp/hard\libc_nano.a(lib_a-lock.o)
                0x000000000800b11c                __retarget_lock_init_recursive
 .text.__retarget_lock_acquire_recursive
                0x000000000800b11e        0x2 c:/st/stm32cubeide_1.10.1/stm32cubeide/plugins/com.st.stm32cube.ide.mcu.externaltools.gnu-tools-for-stm32.10.3-2021.10.win32_1.0.0.202111181127/tools/bin/../lib/gcc/arm-none-eabi/10.3.1/../../../../arm-none-eabi/lib/thumb/v7e-m+dp/hard\libc_nano.a(lib_a-lock.o)
                0x000000000800b11e                __retarget_lock_acquire_recursive
 .text.__retarget_lock_release_recursive
                0x000000000800b120        0x2 c:/st/stm32cubeide_1.10.1/stm32cubeide/plugins/com.st.stm32cube.ide.mcu.externaltools.gnu-tools-for-stm32.10.3-2021.10.win32_1.0.0.202111181127/tools/bin/../lib/gcc/arm-none-eabi/10.3.1/../../../../arm-none-eabi/lib/thumb/v7e-m+dp/hard\libc_nano.a(lib_a-lock.o)
                0x000000000800b120                __retarget_lock_release_recursive
 *fill*         0x000000000800b122        0x2 
 .text.malloc   0x000000000800b124       0x10 c:/st/stm32cubeide_1.10.1/stm32cubeide/plugins/com.st.stm32cube.ide.mcu.externaltools.gnu-tools-for-stm32.10.3-2021.10.win32_1.0.0.202111181127/tools/bin/../lib/gcc/arm-none-eabi/10.3.1/../../../../arm-none-eabi/lib/thumb/v7e-m+dp/hard\libc_nano.a(lib_a-malloc.o)
                0x000000000800b124                malloc
 .text.__ascii_mbtowc
                0x000000000800b134       0x24 c:/st/stm32cubeide_1.10.1/stm32cubeide/plugins/com.st.stm32cube.ide.mcu.externaltools.gnu-tools-for-stm32.10.3-2021.10.win32_1.0.0.202111181127/tools/bin/../lib/gcc/arm-none-eabi/10.3.1/../../../../arm-none-eabi/lib/thumb/v7e-m+dp/hard\libc_nano.a(lib_a-mbtowc_r.o)
                0x000000000800b134                __ascii_mbtowc
 .text.memcpy   0x000000000800b158       0x1c c:/st/stm32cubeide_1.10.1/stm32cubeide/plugins/com.st.stm32cube.ide.mcu.externaltools.gnu-tools-for-stm32.10.3-2021.10.win32_1.0.0.202111181127/tools/bin/../lib/gcc/arm-none-eabi/10.3.1/../../../../arm-none-eabi/lib/thumb/v7e-m+dp/hard\libc_nano.a(lib_a-memcpy-stub.o)
                0x000000000800b158                memcpy
 .text._Balloc  0x000000000800b174       0x80 c:/st/stm32cubeide_1.10.1/stm32cubeide/plugins/com.st.stm32cube.ide.mcu.externaltools.gnu-tools-for-stm32.10.3-2021.10.win32_1.0.0.202111181127/tools/bin/../lib/gcc/arm-none-eabi/10.3.1/../../../../arm-none-eabi/lib/thumb/v7e-m+dp/hard\libc_nano.a(lib_a-mprec.o)
                0x000000000800b174                _Balloc
 .text._Bfree   0x000000000800b1f4       0x44 c:/st/stm32cubeide_1.10.1/stm32cubeide/plugins/com.st.stm32cube.ide.mcu.externaltools.gnu-tools-for-stm32.10.3-2021.10.win32_1.0.0.202111181127/tools/bin/../lib/gcc/arm-none-eabi/10.3.1/../../../../arm-none-eabi/lib/thumb/v7e-m+dp/hard\libc_nano.a(lib_a-mprec.o)
                0x000000000800b1f4                _Bfree
 .text.__multadd
                0x000000000800b238       0x8c c:/st/stm32cubeide_1.10.1/stm32cubeide/plugins/com.st.stm32cube.ide.mcu.externaltools.gnu-tools-for-stm32.10.3-2021.10.win32_1.0.0.202111181127/tools/bin/../lib/gcc/arm-none-eabi/10.3.1/../../../../arm-none-eabi/lib/thumb/v7e-m+dp/hard\libc_nano.a(lib_a-mprec.o)
                0x000000000800b238                __multadd
 .text.__s2b    0x000000000800b2c4       0x94 c:/st/stm32cubeide_1.10.1/stm32cubeide/plugins/com.st.stm32cube.ide.mcu.externaltools.gnu-tools-for-stm32.10.3-2021.10.win32_1.0.0.202111181127/tools/bin/../lib/gcc/arm-none-eabi/10.3.1/../../../../arm-none-eabi/lib/thumb/v7e-m+dp/hard\libc_nano.a(lib_a-mprec.o)
                0x000000000800b2c4                __s2b
 .text.__hi0bits
                0x000000000800b358       0x40 c:/st/stm32cubeide_1.10.1/stm32cubeide/plugins/com.st.stm32cube.ide.mcu.externaltools.gnu-tools-for-stm32.10.3-2021.10.win32_1.0.0.202111181127/tools/bin/../lib/gcc/arm-none-eabi/10.3.1/../../../../arm-none-eabi/lib/thumb/v7e-m+dp/hard\libc_nano.a(lib_a-mprec.o)
                0x000000000800b358                __hi0bits
 .text.__lo0bits
                0x000000000800b398       0x5e c:/st/stm32cubeide_1.10.1/stm32cubeide/plugins/com.st.stm32cube.ide.mcu.externaltools.gnu-tools-for-stm32.10.3-2021.10.win32_1.0.0.202111181127/tools/bin/../lib/gcc/arm-none-eabi/10.3.1/../../../../arm-none-eabi/lib/thumb/v7e-m+dp/hard\libc_nano.a(lib_a-mprec.o)
                0x000000000800b398                __lo0bits
 *fill*         0x000000000800b3f6        0x2 
 .text.__i2b    0x000000000800b3f8       0x2c c:/st/stm32cubeide_1.10.1/stm32cubeide/plugins/com.st.stm32cube.ide.mcu.externaltools.gnu-tools-for-stm32.10.3-2021.10.win32_1.0.0.202111181127/tools/bin/../lib/gcc/arm-none-eabi/10.3.1/../../../../arm-none-eabi/lib/thumb/v7e-m+dp/hard\libc_nano.a(lib_a-mprec.o)
                0x000000000800b3f8                __i2b
 .text.__multiply
                0x000000000800b424      0x154 c:/st/stm32cubeide_1.10.1/stm32cubeide/plugins/com.st.stm32cube.ide.mcu.externaltools.gnu-tools-for-stm32.10.3-2021.10.win32_1.0.0.202111181127/tools/bin/../lib/gcc/arm-none-eabi/10.3.1/../../../../arm-none-eabi/lib/thumb/v7e-m+dp/hard\libc_nano.a(lib_a-mprec.o)
                0x000000000800b424                __multiply
 .text.__pow5mult
                0x000000000800b578       0xb4 c:/st/stm32cubeide_1.10.1/stm32cubeide/plugins/com.st.stm32cube.ide.mcu.externaltools.gnu-tools-for-stm32.10.3-2021.10.win32_1.0.0.202111181127/tools/bin/../lib/gcc/arm-none-eabi/10.3.1/../../../../arm-none-eabi/lib/thumb/v7e-m+dp/hard\libc_nano.a(lib_a-mprec.o)
                0x000000000800b578                __pow5mult
 .text.__lshift
                0x000000000800b62c       0xe0 c:/st/stm32cubeide_1.10.1/stm32cubeide/plugins/com.st.stm32cube.ide.mcu.externaltools.gnu-tools-for-stm32.10.3-2021.10.win32_1.0.0.202111181127/tools/bin/../lib/gcc/arm-none-eabi/10.3.1/../../../../arm-none-eabi/lib/thumb/v7e-m+dp/hard\libc_nano.a(lib_a-mprec.o)
                0x000000000800b62c                __lshift
 .text.__mcmp   0x000000000800b70c       0x38 c:/st/stm32cubeide_1.10.1/stm32cubeide/plugins/com.st.stm32cube.ide.mcu.externaltools.gnu-tools-for-stm32.10.3-2021.10.win32_1.0.0.202111181127/tools/bin/../lib/gcc/arm-none-eabi/10.3.1/../../../../arm-none-eabi/lib/thumb/v7e-m+dp/hard\libc_nano.a(lib_a-mprec.o)
                0x000000000800b70c                __mcmp
 .text.__mdiff  0x000000000800b744      0x114 c:/st/stm32cubeide_1.10.1/stm32cubeide/plugins/com.st.stm32cube.ide.mcu.externaltools.gnu-tools-for-stm32.10.3-2021.10.win32_1.0.0.202111181127/tools/bin/../lib/gcc/arm-none-eabi/10.3.1/../../../../arm-none-eabi/lib/thumb/v7e-m+dp/hard\libc_nano.a(lib_a-mprec.o)
                0x000000000800b744                __mdiff
 .text.__ulp    0x000000000800b858       0x58 c:/st/stm32cubeide_1.10.1/stm32cubeide/plugins/com.st.stm32cube.ide.mcu.externaltools.gnu-tools-for-stm32.10.3-2021.10.win32_1.0.0.202111181127/tools/bin/../lib/gcc/arm-none-eabi/10.3.1/../../../../arm-none-eabi/lib/thumb/v7e-m+dp/hard\libc_nano.a(lib_a-mprec.o)
                0x000000000800b858                __ulp
 .text.__b2d    0x000000000800b8b0       0xa0 c:/st/stm32cubeide_1.10.1/stm32cubeide/plugins/com.st.stm32cube.ide.mcu.externaltools.gnu-tools-for-stm32.10.3-2021.10.win32_1.0.0.202111181127/tools/bin/../lib/gcc/arm-none-eabi/10.3.1/../../../../arm-none-eabi/lib/thumb/v7e-m+dp/hard\libc_nano.a(lib_a-mprec.o)
                0x000000000800b8b0                __b2d
 .text.__d2b    0x000000000800b950       0xb8 c:/st/stm32cubeide_1.10.1/stm32cubeide/plugins/com.st.stm32cube.ide.mcu.externaltools.gnu-tools-for-stm32.10.3-2021.10.win32_1.0.0.202111181127/tools/bin/../lib/gcc/arm-none-eabi/10.3.1/../../../../arm-none-eabi/lib/thumb/v7e-m+dp/hard\libc_nano.a(lib_a-mprec.o)
                0x000000000800b950                __d2b
 .text.__ratio  0x000000000800ba08       0x60 c:/st/stm32cubeide_1.10.1/stm32cubeide/plugins/com.st.stm32cube.ide.mcu.externaltools.gnu-tools-for-stm32.10.3-2021.10.win32_1.0.0.202111181127/tools/bin/../lib/gcc/arm-none-eabi/10.3.1/../../../../arm-none-eabi/lib/thumb/v7e-m+dp/hard\libc_nano.a(lib_a-mprec.o)
                0x000000000800ba08                __ratio
 .text.__copybits
                0x000000000800ba68       0x46 c:/st/stm32cubeide_1.10.1/stm32cubeide/plugins/com.st.stm32cube.ide.mcu.externaltools.gnu-tools-for-stm32.10.3-2021.10.win32_1.0.0.202111181127/tools/bin/../lib/gcc/arm-none-eabi/10.3.1/../../../../arm-none-eabi/lib/thumb/v7e-m+dp/hard\libc_nano.a(lib_a-mprec.o)
                0x000000000800ba68                __copybits
 .text.__any_on
                0x000000000800baae       0x42 c:/st/stm32cubeide_1.10.1/stm32cubeide/plugins/com.st.stm32cube.ide.mcu.externaltools.gnu-tools-for-stm32.10.3-2021.10.win32_1.0.0.202111181127/tools/bin/../lib/gcc/arm-none-eabi/10.3.1/../../../../arm-none-eabi/lib/thumb/v7e-m+dp/hard\libc_nano.a(lib_a-mprec.o)
                0x000000000800baae                __any_on
 .text._calloc_r
                0x000000000800baf0       0x2c c:/st/stm32cubeide_1.10.1/stm32cubeide/plugins/com.st.stm32cube.ide.mcu.externaltools.gnu-tools-for-stm32.10.3-2021.10.win32_1.0.0.202111181127/tools/bin/../lib/gcc/arm-none-eabi/10.3.1/../../../../arm-none-eabi/lib/thumb/v7e-m+dp/hard\libc_nano.a(lib_a-nano-callocr.o)
                0x000000000800baf0                _calloc_r
 .text._free_r  0x000000000800bb1c       0x98 c:/st/stm32cubeide_1.10.1/stm32cubeide/plugins/com.st.stm32cube.ide.mcu.externaltools.gnu-tools-for-stm32.10.3-2021.10.win32_1.0.0.202111181127/tools/bin/../lib/gcc/arm-none-eabi/10.3.1/../../../../arm-none-eabi/lib/thumb/v7e-m+dp/hard\libc_nano.a(lib_a-nano-freer.o)
                0x000000000800bb1c                _free_r
 .text.sbrk_aligned
                0x000000000800bbb4       0x40 c:/st/stm32cubeide_1.10.1/stm32cubeide/plugins/com.st.stm32cube.ide.mcu.externaltools.gnu-tools-for-stm32.10.3-2021.10.win32_1.0.0.202111181127/tools/bin/../lib/gcc/arm-none-eabi/10.3.1/../../../../arm-none-eabi/lib/thumb/v7e-m+dp/hard\libc_nano.a(lib_a-nano-mallocr.o)
 .text._malloc_r
                0x000000000800bbf4       0xe8 c:/st/stm32cubeide_1.10.1/stm32cubeide/plugins/com.st.stm32cube.ide.mcu.externaltools.gnu-tools-for-stm32.10.3-2021.10.win32_1.0.0.202111181127/tools/bin/../lib/gcc/arm-none-eabi/10.3.1/../../../../arm-none-eabi/lib/thumb/v7e-m+dp/hard\libc_nano.a(lib_a-nano-mallocr.o)
                0x000000000800bbf4                _malloc_r
 .text.__ssputs_r
                0x000000000800bcdc       0xb6 c:/st/stm32cubeide_1.10.1/stm32cubeide/plugins/com.st.stm32cube.ide.mcu.externaltools.gnu-tools-for-stm32.10.3-2021.10.win32_1.0.0.202111181127/tools/bin/../lib/gcc/arm-none-eabi/10.3.1/../../../../arm-none-eabi/lib/thumb/v7e-m+dp/hard\libc_nano.a(lib_a-nano-svfprintf.o)
                0x000000000800bcdc                __ssputs_r
 *fill*         0x000000000800bd92        0x2 
 .text._svfprintf_r
                0x000000000800bd94      0x200 c:/st/stm32cubeide_1.10.1/stm32cubeide/plugins/com.st.stm32cube.ide.mcu.externaltools.gnu-tools-for-stm32.10.3-2021.10.win32_1.0.0.202111181127/tools/bin/../lib/gcc/arm-none-eabi/10.3.1/../../../../arm-none-eabi/lib/thumb/v7e-m+dp/hard\libc_nano.a(lib_a-nano-svfprintf.o)
                0x000000000800bd94                _svfiprintf_r
                0x000000000800bd94                _svfprintf_r
 .text.__sfputc_r
                0x000000000800bf94       0x2e c:/st/stm32cubeide_1.10.1/stm32cubeide/plugins/com.st.stm32cube.ide.mcu.externaltools.gnu-tools-for-stm32.10.3-2021.10.win32_1.0.0.202111181127/tools/bin/../lib/gcc/arm-none-eabi/10.3.1/../../../../arm-none-eabi/lib/thumb/v7e-m+dp/hard\libc_nano.a(lib_a-nano-vfprintf.o)
 .text.__sfputs_r
                0x000000000800bfc2       0x24 c:/st/stm32cubeide_1.10.1/stm32cubeide/plugins/com.st.stm32cube.ide.mcu.externaltools.gnu-tools-for-stm32.10.3-2021.10.win32_1.0.0.202111181127/tools/bin/../lib/gcc/arm-none-eabi/10.3.1/../../../../arm-none-eabi/lib/thumb/v7e-m+dp/hard\libc_nano.a(lib_a-nano-vfprintf.o)
                0x000000000800bfc2                __sfputs_r
 *fill*         0x000000000800bfe6        0x2 
 .text._vfprintf_r
                0x000000000800bfe8      0x260 c:/st/stm32cubeide_1.10.1/stm32cubeide/plugins/com.st.stm32cube.ide.mcu.externaltools.gnu-tools-for-stm32.10.3-2021.10.win32_1.0.0.202111181127/tools/bin/../lib/gcc/arm-none-eabi/10.3.1/../../../../arm-none-eabi/lib/thumb/v7e-m+dp/hard\libc_nano.a(lib_a-nano-vfprintf.o)
                0x000000000800bfe8                _vfprintf_r
                0x000000000800bfe8                _vfiprintf_r
 .text.nan      0x000000000800c248       0x10 c:/st/stm32cubeide_1.10.1/stm32cubeide/plugins/com.st.stm32cube.ide.mcu.externaltools.gnu-tools-for-stm32.10.3-2021.10.win32_1.0.0.202111181127/tools/bin/../lib/gcc/arm-none-eabi/10.3.1/../../../../arm-none-eabi/lib/thumb/v7e-m+dp/hard\libc_nano.a(lib_a-s_nan.o)
                0x000000000800c248                nan
 .text._sbrk_r  0x000000000800c258       0x20 c:/st/stm32cubeide_1.10.1/stm32cubeide/plugins/com.st.stm32cube.ide.mcu.externaltools.gnu-tools-for-stm32.10.3-2021.10.win32_1.0.0.202111181127/tools/bin/../lib/gcc/arm-none-eabi/10.3.1/../../../../arm-none-eabi/lib/thumb/v7e-m+dp/hard\libc_nano.a(lib_a-sbrkr.o)
                0x000000000800c258                _sbrk_r
 .text.__sread  0x000000000800c278       0x22 c:/st/stm32cubeide_1.10.1/stm32cubeide/plugins/com.st.stm32cube.ide.mcu.externaltools.gnu-tools-for-stm32.10.3-2021.10.win32_1.0.0.202111181127/tools/bin/../lib/gcc/arm-none-eabi/10.3.1/../../../../arm-none-eabi/lib/thumb/v7e-m+dp/hard\libc_nano.a(lib_a-stdio.o)
                0x000000000800c278                __sread
 .text.__swrite
                0x000000000800c29a       0x38 c:/st/stm32cubeide_1.10.1/stm32cubeide/plugins/com.st.stm32cube.ide.mcu.externaltools.gnu-tools-for-stm32.10.3-2021.10.win32_1.0.0.202111181127/tools/bin/../lib/gcc/arm-none-eabi/10.3.1/../../../../arm-none-eabi/lib/thumb/v7e-m+dp/hard\libc_nano.a(lib_a-stdio.o)
                0x000000000800c29a                __swrite
 .text.__sseek  0x000000000800c2d2       0x24 c:/st/stm32cubeide_1.10.1/stm32cubeide/plugins/com.st.stm32cube.ide.mcu.externaltools.gnu-tools-for-stm32.10.3-2021.10.win32_1.0.0.202111181127/tools/bin/../lib/gcc/arm-none-eabi/10.3.1/../../../../arm-none-eabi/lib/thumb/v7e-m+dp/hard\libc_nano.a(lib_a-stdio.o)
                0x000000000800c2d2                __sseek
 .text.__sclose
                0x000000000800c2f6        0x8 c:/st/stm32cubeide_1.10.1/stm32cubeide/plugins/com.st.stm32cube.ide.mcu.externaltools.gnu-tools-for-stm32.10.3-2021.10.win32_1.0.0.202111181127/tools/bin/../lib/gcc/arm-none-eabi/10.3.1/../../../../arm-none-eabi/lib/thumb/v7e-m+dp/hard\libc_nano.a(lib_a-stdio.o)
                0x000000000800c2f6                __sclose
 .text.strncmp  0x000000000800c2fe       0x28 c:/st/stm32cubeide_1.10.1/stm32cubeide/plugins/com.st.stm32cube.ide.mcu.externaltools.gnu-tools-for-stm32.10.3-2021.10.win32_1.0.0.202111181127/tools/bin/../lib/gcc/arm-none-eabi/10.3.1/../../../../arm-none-eabi/lib/thumb/v7e-m+dp/hard\libc_nano.a(lib_a-strncmp.o)
                0x000000000800c2fe                strncmp
 *fill*         0x000000000800c326        0x2 
 .text.__swbuf_r
                0x000000000800c328       0xa4 c:/st/stm32cubeide_1.10.1/stm32cubeide/plugins/com.st.stm32cube.ide.mcu.externaltools.gnu-tools-for-stm32.10.3-2021.10.win32_1.0.0.202111181127/tools/bin/../lib/gcc/arm-none-eabi/10.3.1/../../../../arm-none-eabi/lib/thumb/v7e-m+dp/hard\libc_nano.a(lib_a-wbuf.o)
                0x000000000800c328                __swbuf_r
 .text.__ascii_wctomb
                0x000000000800c3cc       0x1a c:/st/stm32cubeide_1.10.1/stm32cubeide/plugins/com.st.stm32cube.ide.mcu.externaltools.gnu-tools-for-stm32.10.3-2021.10.win32_1.0.0.202111181127/tools/bin/../lib/gcc/arm-none-eabi/10.3.1/../../../../arm-none-eabi/lib/thumb/v7e-m+dp/hard\libc_nano.a(lib_a-wctomb_r.o)
                0x000000000800c3cc                __ascii_wctomb
 *fill*         0x000000000800c3e6        0x2 
 .text._write_r
                0x000000000800c3e8       0x24 c:/st/stm32cubeide_1.10.1/stm32cubeide/plugins/com.st.stm32cube.ide.mcu.externaltools.gnu-tools-for-stm32.10.3-2021.10.win32_1.0.0.202111181127/tools/bin/../lib/gcc/arm-none-eabi/10.3.1/../../../../arm-none-eabi/lib/thumb/v7e-m+dp/hard\libc_nano.a(lib_a-writer.o)
                0x000000000800c3e8                _write_r
 .text.__swsetup_r
                0x000000000800c40c       0xdc c:/st/stm32cubeide_1.10.1/stm32cubeide/plugins/com.st.stm32cube.ide.mcu.externaltools.gnu-tools-for-stm32.10.3-2021.10.win32_1.0.0.202111181127/tools/bin/../lib/gcc/arm-none-eabi/10.3.1/../../../../arm-none-eabi/lib/thumb/v7e-m+dp/hard\libc_nano.a(lib_a-wsetup.o)
                0x000000000800c40c                __swsetup_r
 .text.__assert_func
                0x000000000800c4e8       0x3c c:/st/stm32cubeide_1.10.1/stm32cubeide/plugins/com.st.stm32cube.ide.mcu.externaltools.gnu-tools-for-stm32.10.3-2021.10.win32_1.0.0.202111181127/tools/bin/../lib/gcc/arm-none-eabi/10.3.1/../../../../arm-none-eabi/lib/thumb/v7e-m+dp/hard\libc_nano.a(lib_a-assert.o)
                0x000000000800c4e8                __assert_func
 .text._close_r
                0x000000000800c524       0x20 c:/st/stm32cubeide_1.10.1/stm32cubeide/plugins/com.st.stm32cube.ide.mcu.externaltools.gnu-tools-for-stm32.10.3-2021.10.win32_1.0.0.202111181127/tools/bin/../lib/gcc/arm-none-eabi/10.3.1/../../../../arm-none-eabi/lib/thumb/v7e-m+dp/hard\libc_nano.a(lib_a-closer.o)
                0x000000000800c524                _close_r
 .text.__sflush_r
                0x000000000800c544      0x10c c:/st/stm32cubeide_1.10.1/stm32cubeide/plugins/com.st.stm32cube.ide.mcu.externaltools.gnu-tools-for-stm32.10.3-2021.10.win32_1.0.0.202111181127/tools/bin/../lib/gcc/arm-none-eabi/10.3.1/../../../../arm-none-eabi/lib/thumb/v7e-m+dp/hard\libc_nano.a(lib_a-fflush.o)
                0x000000000800c544                __sflush_r
 .text._fflush_r
                0x000000000800c650       0x78 c:/st/stm32cubeide_1.10.1/stm32cubeide/plugins/com.st.stm32cube.ide.mcu.externaltools.gnu-tools-for-stm32.10.3-2021.10.win32_1.0.0.202111181127/tools/bin/../lib/gcc/arm-none-eabi/10.3.1/../../../../arm-none-eabi/lib/thumb/v7e-m+dp/hard\libc_nano.a(lib_a-fflush.o)
                0x000000000800c650                _fflush_r
 .text.fprintf  0x000000000800c6c8       0x24 c:/st/stm32cubeide_1.10.1/stm32cubeide/plugins/com.st.stm32cube.ide.mcu.externaltools.gnu-tools-for-stm32.10.3-2021.10.win32_1.0.0.202111181127/tools/bin/../lib/gcc/arm-none-eabi/10.3.1/../../../../arm-none-eabi/lib/thumb/v7e-m+dp/hard\libc_nano.a(lib_a-fprintf.o)
                0x000000000800c6c8                fiprintf
                0x000000000800c6c8                fprintf
 .text._lseek_r
                0x000000000800c6ec       0x24 c:/st/stm32cubeide_1.10.1/stm32cubeide/plugins/com.st.stm32cube.ide.mcu.externaltools.gnu-tools-for-stm32.10.3-2021.10.win32_1.0.0.202111181127/tools/bin/../lib/gcc/arm-none-eabi/10.3.1/../../../../arm-none-eabi/lib/thumb/v7e-m+dp/hard\libc_nano.a(lib_a-lseekr.o)
                0x000000000800c6ec                _lseek_r
 .text.__swhatbuf_r
                0x000000000800c710       0x4a c:/st/stm32cubeide_1.10.1/stm32cubeide/plugins/com.st.stm32cube.ide.mcu.externaltools.gnu-tools-for-stm32.10.3-2021.10.win32_1.0.0.202111181127/tools/bin/../lib/gcc/arm-none-eabi/10.3.1/../../../../arm-none-eabi/lib/thumb/v7e-m+dp/hard\libc_nano.a(lib_a-makebuf.o)
                0x000000000800c710                __swhatbuf_r
 *fill*         0x000000000800c75a        0x2 
 .text.__smakebuf_r
                0x000000000800c75c       0x80 c:/st/stm32cubeide_1.10.1/stm32cubeide/plugins/com.st.stm32cube.ide.mcu.externaltools.gnu-tools-for-stm32.10.3-2021.10.win32_1.0.0.202111181127/tools/bin/../lib/gcc/arm-none-eabi/10.3.1/../../../../arm-none-eabi/lib/thumb/v7e-m+dp/hard\libc_nano.a(lib_a-makebuf.o)
                0x000000000800c75c                __smakebuf_r
 .text.memmove  0x000000000800c7dc       0x34 c:/st/stm32cubeide_1.10.1/stm32cubeide/plugins/com.st.stm32cube.ide.mcu.externaltools.gnu-tools-for-stm32.10.3-2021.10.win32_1.0.0.202111181127/tools/bin/../lib/gcc/arm-none-eabi/10.3.1/../../../../arm-none-eabi/lib/thumb/v7e-m+dp/hard\libc_nano.a(lib_a-memmove.o)
                0x000000000800c7dc                memmove
 .text.__malloc_lock
                0x000000000800c810        0xc c:/st/stm32cubeide_1.10.1/stm32cubeide/plugins/com.st.stm32cube.ide.mcu.externaltools.gnu-tools-for-stm32.10.3-2021.10.win32_1.0.0.202111181127/tools/bin/../lib/gcc/arm-none-eabi/10.3.1/../../../../arm-none-eabi/lib/thumb/v7e-m+dp/hard\libc_nano.a(lib_a-mlock.o)
                0x000000000800c810                __malloc_lock
 .text.__malloc_unlock
                0x000000000800c81c        0xc c:/st/stm32cubeide_1.10.1/stm32cubeide/plugins/com.st.stm32cube.ide.mcu.externaltools.gnu-tools-for-stm32.10.3-2021.10.win32_1.0.0.202111181127/tools/bin/../lib/gcc/arm-none-eabi/10.3.1/../../../../arm-none-eabi/lib/thumb/v7e-m+dp/hard\libc_nano.a(lib_a-mlock.o)
                0x000000000800c81c                __malloc_unlock
 .text._realloc_r
                0x000000000800c828       0x5e c:/st/stm32cubeide_1.10.1/stm32cubeide/plugins/com.st.stm32cube.ide.mcu.externaltools.gnu-tools-for-stm32.10.3-2021.10.win32_1.0.0.202111181127/tools/bin/../lib/gcc/arm-none-eabi/10.3.1/../../../../arm-none-eabi/lib/thumb/v7e-m+dp/hard\libc_nano.a(lib_a-nano-reallocr.o)
                0x000000000800c828                _realloc_r
 *fill*         0x000000000800c886        0x2 
 .text._read_r  0x000000000800c888       0x24 c:/st/stm32cubeide_1.10.1/stm32cubeide/plugins/com.st.stm32cube.ide.mcu.externaltools.gnu-tools-for-stm32.10.3-2021.10.win32_1.0.0.202111181127/tools/bin/../lib/gcc/arm-none-eabi/10.3.1/../../../../arm-none-eabi/lib/thumb/v7e-m+dp/hard\libc_nano.a(lib_a-readr.o)
                0x000000000800c888                _read_r
 .text.abort    0x000000000800c8ac        0xe c:/st/stm32cubeide_1.10.1/stm32cubeide/plugins/com.st.stm32cube.ide.mcu.externaltools.gnu-tools-for-stm32.10.3-2021.10.win32_1.0.0.202111181127/tools/bin/../lib/gcc/arm-none-eabi/10.3.1/../../../../arm-none-eabi/lib/thumb/v7e-m+dp/hard\libc_nano.a(lib_a-abort.o)
                0x000000000800c8ac                abort
 *fill*         0x000000000800c8ba        0x2 
 .text._fstat_r
                0x000000000800c8bc       0x24 c:/st/stm32cubeide_1.10.1/stm32cubeide/plugins/com.st.stm32cube.ide.mcu.externaltools.gnu-tools-for-stm32.10.3-2021.10.win32_1.0.0.202111181127/tools/bin/../lib/gcc/arm-none-eabi/10.3.1/../../../../arm-none-eabi/lib/thumb/v7e-m+dp/hard\libc_nano.a(lib_a-fstatr.o)
                0x000000000800c8bc                _fstat_r
 .text._isatty_r
                0x000000000800c8e0       0x20 c:/st/stm32cubeide_1.10.1/stm32cubeide/plugins/com.st.stm32cube.ide.mcu.externaltools.gnu-tools-for-stm32.10.3-2021.10.win32_1.0.0.202111181127/tools/bin/../lib/gcc/arm-none-eabi/10.3.1/../../../../arm-none-eabi/lib/thumb/v7e-m+dp/hard\libc_nano.a(lib_a-isattyr.o)
                0x000000000800c8e0                _isatty_r
 .text._malloc_usable_size_r
                0x000000000800c900       0x10 c:/st/stm32cubeide_1.10.1/stm32cubeide/plugins/com.st.stm32cube.ide.mcu.externaltools.gnu-tools-for-stm32.10.3-2021.10.win32_1.0.0.202111181127/tools/bin/../lib/gcc/arm-none-eabi/10.3.1/../../../../arm-none-eabi/lib/thumb/v7e-m+dp/hard\libc_nano.a(lib_a-nano-msizer.o)
                0x000000000800c900                _malloc_usable_size_r
 .text._raise_r
                0x000000000800c910       0x50 c:/st/stm32cubeide_1.10.1/stm32cubeide/plugins/com.st.stm32cube.ide.mcu.externaltools.gnu-tools-for-stm32.10.3-2021.10.win32_1.0.0.202111181127/tools/bin/../lib/gcc/arm-none-eabi/10.3.1/../../../../arm-none-eabi/lib/thumb/v7e-m+dp/hard\libc_nano.a(lib_a-signal.o)
                0x000000000800c910                _raise_r
 .text.raise    0x000000000800c960       0x10 c:/st/stm32cubeide_1.10.1/stm32cubeide/plugins/com.st.stm32cube.ide.mcu.externaltools.gnu-tools-for-stm32.10.3-2021.10.win32_1.0.0.202111181127/tools/bin/../lib/gcc/arm-none-eabi/10.3.1/../../../../arm-none-eabi/lib/thumb/v7e-m+dp/hard\libc_nano.a(lib_a-signal.o)
                0x000000000800c960                raise
 .text._kill_r  0x000000000800c970       0x24 c:/st/stm32cubeide_1.10.1/stm32cubeide/plugins/com.st.stm32cube.ide.mcu.externaltools.gnu-tools-for-stm32.10.3-2021.10.win32_1.0.0.202111181127/tools/bin/../lib/gcc/arm-none-eabi/10.3.1/../../../../arm-none-eabi/lib/thumb/v7e-m+dp/hard\libc_nano.a(lib_a-signalr.o)
                0x000000000800c970                _kill_r
 .text._getpid_r
                0x000000000800c994        0x4 c:/st/stm32cubeide_1.10.1/stm32cubeide/plugins/com.st.stm32cube.ide.mcu.externaltools.gnu-tools-for-stm32.10.3-2021.10.win32_1.0.0.202111181127/tools/bin/../lib/gcc/arm-none-eabi/10.3.1/../../../../arm-none-eabi/lib/thumb/v7e-m+dp/hard\libc_nano.a(lib_a-signalr.o)
                0x000000000800c994                _getpid_r
 *(.glue_7)
 .glue_7        0x000000000800c998        0x0 linker stubs
 *(.glue_7t)
 .glue_7t       0x000000000800c998        0x0 linker stubs
 *(.eh_frame)
 .eh_frame      0x000000000800c998        0x0 c:/st/stm32cubeide_1.10.1/stm32cubeide/plugins/com.st.stm32cube.ide.mcu.externaltools.gnu-tools-for-stm32.10.3-2021.10.win32_1.0.0.202111181127/tools/bin/../lib/gcc/arm-none-eabi/10.3.1/thumb/v7e-m+dp/hard/crtbegin.o
 *(.init)
 .init          0x000000000800c998        0x4 c:/st/stm32cubeide_1.10.1/stm32cubeide/plugins/com.st.stm32cube.ide.mcu.externaltools.gnu-tools-for-stm32.10.3-2021.10.win32_1.0.0.202111181127/tools/bin/../lib/gcc/arm-none-eabi/10.3.1/thumb/v7e-m+dp/hard/crti.o
                0x000000000800c998                _init
 .init          0x000000000800c99c        0x8 c:/st/stm32cubeide_1.10.1/stm32cubeide/plugins/com.st.stm32cube.ide.mcu.externaltools.gnu-tools-for-stm32.10.3-2021.10.win32_1.0.0.202111181127/tools/bin/../lib/gcc/arm-none-eabi/10.3.1/thumb/v7e-m+dp/hard/crtn.o
 *(.fini)
 .fini          0x000000000800c9a4        0x4 c:/st/stm32cubeide_1.10.1/stm32cubeide/plugins/com.st.stm32cube.ide.mcu.externaltools.gnu-tools-for-stm32.10.3-2021.10.win32_1.0.0.202111181127/tools/bin/../lib/gcc/arm-none-eabi/10.3.1/thumb/v7e-m+dp/hard/crti.o
                0x000000000800c9a4                _fini
 .fini          0x000000000800c9a8        0x8 c:/st/stm32cubeide_1.10.1/stm32cubeide/plugins/com.st.stm32cube.ide.mcu.externaltools.gnu-tools-for-stm32.10.3-2021.10.win32_1.0.0.202111181127/tools/bin/../lib/gcc/arm-none-eabi/10.3.1/thumb/v7e-m+dp/hard/crtn.o
                0x000000000800c9b0                . = ALIGN (0x4)
                0x000000000800c9b0                _etext = .

.vfp11_veneer   0x000000000800c9b0        0x0
 .vfp11_veneer  0x000000000800c9b0        0x0 linker stubs

.v4_bx          0x000000000800c9b0        0x0
 .v4_bx         0x000000000800c9b0        0x0 linker stubs

.iplt           0x000000000800c9b0        0x0
 .iplt          0x000000000800c9b0        0x0 c:/st/stm32cubeide_1.10.1/stm32cubeide/plugins/com.st.stm32cube.ide.mcu.externaltools.gnu-tools-for-stm32.10.3-2021.10.win32_1.0.0.202111181127/tools/bin/../lib/gcc/arm-none-eabi/10.3.1/thumb/v7e-m+dp/hard/crtbegin.o

.rodata         0x000000000800c9b0      0x4fc
                0x000000000800c9b0                . = ALIGN (0x4)
 *(.rodata)
 .rodata        0x000000000800c9b0       0x14 ./Core/Src/main.o
 *(.rodata*)
 .rodata.D1CorePrescTable
                0x000000000800c9c4       0x10 ./Core/Src/system_stm32h7xx.o
                0x000000000800c9c4                D1CorePrescTable
 .rodata.UARTPrescTable
                0x000000000800c9d4       0x18 ./Drivers/STM32H7xx_HAL_Driver/Src/stm32h7xx_hal_uart.o
                0x000000000800c9d4                UARTPrescTable
 .rodata.numerator.1
                0x000000000800c9ec        0x8 ./Drivers/STM32H7xx_HAL_Driver/Src/stm32h7xx_hal_uart_ex.o
 .rodata.denominator.0
                0x000000000800c9f4        0x8 ./Drivers/STM32H7xx_HAL_Driver/Src/stm32h7xx_hal_uart_ex.o
 .rodata._global_impure_ptr
                0x000000000800c9fc        0x4 c:/st/stm32cubeide_1.10.1/stm32cubeide/plugins/com.st.stm32cube.ide.mcu.externaltools.gnu-tools-for-stm32.10.3-2021.10.win32_1.0.0.202111181127/tools/bin/../lib/gcc/arm-none-eabi/10.3.1/../../../../arm-none-eabi/lib/thumb/v7e-m+dp/hard\libc_nano.a(lib_a-impure.o)
                0x000000000800c9fc                _global_impure_ptr
 .rodata._printf_float.str1.1
                0x000000000800ca00       0x12 c:/st/stm32cubeide_1.10.1/stm32cubeide/plugins/com.st.stm32cube.ide.mcu.externaltools.gnu-tools-for-stm32.10.3-2021.10.win32_1.0.0.202111181127/tools/bin/../lib/gcc/arm-none-eabi/10.3.1/../../../../arm-none-eabi/lib/thumb/v7e-m+dp/hard\libc_nano.a(lib_a-nano-vfprintf_float.o)
 .rodata._printf_i.str1.1
                0x000000000800ca12       0x22 c:/st/stm32cubeide_1.10.1/stm32cubeide/plugins/com.st.stm32cube.ide.mcu.externaltools.gnu-tools-for-stm32.10.3-2021.10.win32_1.0.0.202111181127/tools/bin/../lib/gcc/arm-none-eabi/10.3.1/../../../../arm-none-eabi/lib/thumb/v7e-m+dp/hard\libc_nano.a(lib_a-nano-vfprintf_i.o)
 .rodata._scanf_float.str1.1
                0x000000000800ca34        0x5 c:/st/stm32cubeide_1.10.1/stm32cubeide/plugins/com.st.stm32cube.ide.mcu.externaltools.gnu-tools-for-stm32.10.3-2021.10.win32_1.0.0.202111181127/tools/bin/../lib/gcc/arm-none-eabi/10.3.1/../../../../arm-none-eabi/lib/thumb/v7e-m+dp/hard\libc_nano.a(lib_a-nano-vfscanf_float.o)
                                          0x6 (size before relaxing)
 .rodata._strtod_l.str1.1
                0x000000000800ca39        0x5 c:/st/stm32cubeide_1.10.1/stm32cubeide/plugins/com.st.stm32cube.ide.mcu.externaltools.gnu-tools-for-stm32.10.3-2021.10.win32_1.0.0.202111181127/tools/bin/../lib/gcc/arm-none-eabi/10.3.1/../../../../arm-none-eabi/lib/thumb/v7e-m+dp/hard\libc_nano.a(lib_a-strtod.o)
                                          0xd (size before relaxing)
 *fill*         0x000000000800ca39        0x3 
 .rodata.fpi.1  0x000000000800ca3c       0x14 c:/st/stm32cubeide_1.10.1/stm32cubeide/plugins/com.st.stm32cube.ide.mcu.externaltools.gnu-tools-for-stm32.10.3-2021.10.win32_1.0.0.202111181127/tools/bin/../lib/gcc/arm-none-eabi/10.3.1/../../../../arm-none-eabi/lib/thumb/v7e-m+dp/hard\libc_nano.a(lib_a-strtod.o)
 .rodata.fpinan.0
                0x000000000800ca50       0x14 c:/st/stm32cubeide_1.10.1/stm32cubeide/plugins/com.st.stm32cube.ide.mcu.externaltools.gnu-tools-for-stm32.10.3-2021.10.win32_1.0.0.202111181127/tools/bin/../lib/gcc/arm-none-eabi/10.3.1/../../../../arm-none-eabi/lib/thumb/v7e-m+dp/hard\libc_nano.a(lib_a-strtod.o)
 *fill*         0x000000000800ca64        0x4 
 .rodata.tinytens
                0x000000000800ca68       0x28 c:/st/stm32cubeide_1.10.1/stm32cubeide/plugins/com.st.stm32cube.ide.mcu.externaltools.gnu-tools-for-stm32.10.3-2021.10.win32_1.0.0.202111181127/tools/bin/../lib/gcc/arm-none-eabi/10.3.1/../../../../arm-none-eabi/lib/thumb/v7e-m+dp/hard\libc_nano.a(lib_a-strtod.o)
 .rodata._ctype_
                0x000000000800ca90      0x101 c:/st/stm32cubeide_1.10.1/stm32cubeide/plugins/com.st.stm32cube.ide.mcu.externaltools.gnu-tools-for-stm32.10.3-2021.10.win32_1.0.0.202111181127/tools/bin/../lib/gcc/arm-none-eabi/10.3.1/../../../../arm-none-eabi/lib/thumb/v7e-m+dp/hard\libc_nano.a(lib_a-ctype_.o)
                0x000000000800ca90                _ctype_
 .rodata._dtoa_r.str1.1
                0x000000000800cb91       0x90 c:/st/stm32cubeide_1.10.1/stm32cubeide/plugins/com.st.stm32cube.ide.mcu.externaltools.gnu-tools-for-stm32.10.3-2021.10.win32_1.0.0.202111181127/tools/bin/../lib/gcc/arm-none-eabi/10.3.1/../../../../arm-none-eabi/lib/thumb/v7e-m+dp/hard\libc_nano.a(lib_a-dtoa.o)
                                         0x92 (size before relaxing)
 *fill*         0x000000000800cc21        0x3 
 .rodata.__sf_fake_stderr
                0x000000000800cc24       0x20 c:/st/stm32cubeide_1.10.1/stm32cubeide/plugins/com.st.stm32cube.ide.mcu.externaltools.gnu-tools-for-stm32.10.3-2021.10.win32_1.0.0.202111181127/tools/bin/../lib/gcc/arm-none-eabi/10.3.1/../../../../arm-none-eabi/lib/thumb/v7e-m+dp/hard\libc_nano.a(lib_a-findfp.o)
                0x000000000800cc24                __sf_fake_stderr
 .rodata.__sf_fake_stdin
                0x000000000800cc44       0x20 c:/st/stm32cubeide_1.10.1/stm32cubeide/plugins/com.st.stm32cube.ide.mcu.externaltools.gnu-tools-for-stm32.10.3-2021.10.win32_1.0.0.202111181127/tools/bin/../lib/gcc/arm-none-eabi/10.3.1/../../../../arm-none-eabi/lib/thumb/v7e-m+dp/hard\libc_nano.a(lib_a-findfp.o)
                0x000000000800cc44                __sf_fake_stdin
 .rodata.__sf_fake_stdout
                0x000000000800cc64       0x20 c:/st/stm32cubeide_1.10.1/stm32cubeide/plugins/com.st.stm32cube.ide.mcu.externaltools.gnu-tools-for-stm32.10.3-2021.10.win32_1.0.0.202111181127/tools/bin/../lib/gcc/arm-none-eabi/10.3.1/../../../../arm-none-eabi/lib/thumb/v7e-m+dp/hard\libc_nano.a(lib_a-findfp.o)
                0x000000000800cc64                __sf_fake_stdout
 .rodata.__gethex.str1.1
                0x000000000800cc84       0x63 c:/st/stm32cubeide_1.10.1/stm32cubeide/plugins/com.st.stm32cube.ide.mcu.externaltools.gnu-tools-for-stm32.10.3-2021.10.win32_1.0.0.202111181127/tools/bin/../lib/gcc/arm-none-eabi/10.3.1/../../../../arm-none-eabi/lib/thumb/v7e-m+dp/hard\libc_nano.a(lib_a-gdtoa-gethex.o)
                                         0x74 (size before relaxing)
 .rodata.str1.1
                0x000000000800cce7        0x2 c:/st/stm32cubeide_1.10.1/stm32cubeide/plugins/com.st.stm32cube.ide.mcu.externaltools.gnu-tools-for-stm32.10.3-2021.10.win32_1.0.0.202111181127/tools/bin/../lib/gcc/arm-none-eabi/10.3.1/../../../../arm-none-eabi/lib/thumb/v7e-m+dp/hard\libc_nano.a(lib_a-lnumeric.o)
                                          0x3 (size before relaxing)
 *fill*         0x000000000800cce9        0x3 
 .rodata._C_numeric_locale
                0x000000000800ccec        0xc c:/st/stm32cubeide_1.10.1/stm32cubeide/plugins/com.st.stm32cube.ide.mcu.externaltools.gnu-tools-for-stm32.10.3-2021.10.win32_1.0.0.202111181127/tools/bin/../lib/gcc/arm-none-eabi/10.3.1/../../../../arm-none-eabi/lib/thumb/v7e-m+dp/hard\libc_nano.a(lib_a-lnumeric.o)
                0x000000000800ccec                _C_numeric_locale
 .rodata._setlocale_r.str1.1
                0x000000000800ccf8        0x8 c:/st/stm32cubeide_1.10.1/stm32cubeide/plugins/com.st.stm32cube.ide.mcu.externaltools.gnu-tools-for-stm32.10.3-2021.10.win32_1.0.0.202111181127/tools/bin/../lib/gcc/arm-none-eabi/10.3.1/../../../../arm-none-eabi/lib/thumb/v7e-m+dp/hard\libc_nano.a(lib_a-locale.o)
                                          0x9 (size before relaxing)
 .rodata.str1.1
                0x000000000800cd00        0x2 c:/st/stm32cubeide_1.10.1/stm32cubeide/plugins/com.st.stm32cube.ide.mcu.externaltools.gnu-tools-for-stm32.10.3-2021.10.win32_1.0.0.202111181127/tools/bin/../lib/gcc/arm-none-eabi/10.3.1/../../../../arm-none-eabi/lib/thumb/v7e-m+dp/hard\libc_nano.a(lib_a-locale.o)
 .rodata._Balloc.str1.1
                0x000000000800cd00       0x5c c:/st/stm32cubeide_1.10.1/stm32cubeide/plugins/com.st.stm32cube.ide.mcu.externaltools.gnu-tools-for-stm32.10.3-2021.10.win32_1.0.0.202111181127/tools/bin/../lib/gcc/arm-none-eabi/10.3.1/../../../../arm-none-eabi/lib/thumb/v7e-m+dp/hard\libc_nano.a(lib_a-mprec.o)
                                         0x73 (size before relaxing)
 .rodata.__multadd.str1.1
                0x000000000800cd5c       0x11 c:/st/stm32cubeide_1.10.1/stm32cubeide/plugins/com.st.stm32cube.ide.mcu.externaltools.gnu-tools-for-stm32.10.3-2021.10.win32_1.0.0.202111181127/tools/bin/../lib/gcc/arm-none-eabi/10.3.1/../../../../arm-none-eabi/lib/thumb/v7e-m+dp/hard\libc_nano.a(lib_a-mprec.o)
 *fill*         0x000000000800cd5c        0x4 
 .rodata.__mprec_bigtens
                0x000000000800cd60       0x28 c:/st/stm32cubeide_1.10.1/stm32cubeide/plugins/com.st.stm32cube.ide.mcu.externaltools.gnu-tools-for-stm32.10.3-2021.10.win32_1.0.0.202111181127/tools/bin/../lib/gcc/arm-none-eabi/10.3.1/../../../../arm-none-eabi/lib/thumb/v7e-m+dp/hard\libc_nano.a(lib_a-mprec.o)
                0x000000000800cd60                __mprec_bigtens
 .rodata.__mprec_tens
                0x000000000800cd88       0xc8 c:/st/stm32cubeide_1.10.1/stm32cubeide/plugins/com.st.stm32cube.ide.mcu.externaltools.gnu-tools-for-stm32.10.3-2021.10.win32_1.0.0.202111181127/tools/bin/../lib/gcc/arm-none-eabi/10.3.1/../../../../arm-none-eabi/lib/thumb/v7e-m+dp/hard\libc_nano.a(lib_a-mprec.o)
                0x000000000800cd88                __mprec_tens
 .rodata.p05.0  0x000000000800ce50        0xc c:/st/stm32cubeide_1.10.1/stm32cubeide/plugins/com.st.stm32cube.ide.mcu.externaltools.gnu-tools-for-stm32.10.3-2021.10.win32_1.0.0.202111181127/tools/bin/../lib/gcc/arm-none-eabi/10.3.1/../../../../arm-none-eabi/lib/thumb/v7e-m+dp/hard\libc_nano.a(lib_a-mprec.o)
 .rodata._svfprintf_r.str1.1
                0x000000000800ce5c       0x11 c:/st/stm32cubeide_1.10.1/stm32cubeide/plugins/com.st.stm32cube.ide.mcu.externaltools.gnu-tools-for-stm32.10.3-2021.10.win32_1.0.0.202111181127/tools/bin/../lib/gcc/arm-none-eabi/10.3.1/../../../../arm-none-eabi/lib/thumb/v7e-m+dp/hard\libc_nano.a(lib_a-nano-svfprintf.o)
 .rodata._vfprintf_r.str1.1
                0x000000000800ce6d       0x11 c:/st/stm32cubeide_1.10.1/stm32cubeide/plugins/com.st.stm32cube.ide.mcu.externaltools.gnu-tools-for-stm32.10.3-2021.10.win32_1.0.0.202111181127/tools/bin/../lib/gcc/arm-none-eabi/10.3.1/../../../../arm-none-eabi/lib/thumb/v7e-m+dp/hard\libc_nano.a(lib_a-nano-vfprintf.o)
 .rodata.__assert_func.str1.1