../Core/Src/main.c:146:5:main	8	static
../Core/Src/main.c:231:6:SystemClock_Config	120	static
../Core/Src/main.c:294:13:MX_TIM1_Init	40	static
../Core/Src/main.c:341:13:MX_TIM2_Init	40	static
../Core/Src/main.c:389:13:MX_TIM3_Init	40	static
../Core/Src/main.c:434:13:MX_TIM4_Init	56	static
../Core/Src/main.c:483:13:MX_TIM13_Init	40	static
../Core/Src/main.c:529:13:MX_USART2_UART_Init	8	static
../Core/Src/main.c:577:13:MX_USART3_UART_Init	8	static
../Core/Src/main.c:625:13:MX_USB_OTG_HS_USB_Init	4	static
../Core/Src/main.c:646:13:MX_GPIO_Init	64	static
../Core/Src/main.c:740:5:__io_putchar	16	static
../Core/Src/main.c:746:6:HAL_TIM_PeriodElapsedCallback	16	static
../Core/Src/main.c:764:6:HAL_TIM_IC_CaptureCallback	24	static
../Core/Src/main.c:804:6:HAL_GPIO_EXTI_Callback	16	static
../Core/Src/main.c:813:8:getEncoderAngle	4	static
../Core/Src/main.c:823:8:getAngularSpeed	16	static
../Core/Src/main.c:835:8:getPosition	16	static
../Core/Src/main.c:840:8:getLinearSpeed	24	static
../Core/Src/main.c:848:6:setMotorDuty	16	static
../Core/Src/main.c:852:6:setMotorDir	16	static
../Core/Src/main.c:856:6:printTelemetry	88	static
../Core/Src/main.c:868:6:Error_Handler	4	static,ignoring_inline_asm
